Archive member included to satisfy reference by file (symbol)

/opt/st/stm32cubeide_2.1.1/plugins/com.st.stm32cube.ide.mcu.externaltools.gnu-tools-for-stm32.14.3.rel1.linux64_1.0.100.202602081740/tools/bin/../lib/gcc/arm-none-eabi/14.3.1/../../../../arm-none-eabi/lib/thumb/v6-m/nofp/libc_nano.a(libc_a-assert.o)
                              ./Middlewares/Third_party/LittleFS/lfs.o (__assert_func)
/opt/st/stm32cubeide_2.1.1/plugins/com.st.stm32cube.ide.mcu.externaltools.gnu-tools-for-stm32.14.3.rel1.linux64_1.0.100.202602081740/tools/bin/../lib/gcc/arm-none-eabi/14.3.1/../../../../arm-none-eabi/lib/thumb/v6-m/nofp/libc_nano.a(libc_a-exit.o)
                              /opt/st/stm32cubeide_2.1.1/plugins/com.st.stm32cube.ide.mcu.externaltools.gnu-tools-for-stm32.14.3.rel1.linux64_1.0.100.202602081740/tools/bin/../lib/gcc/arm-none-eabi/14.3.1/../../../../arm-none-eabi/lib/thumb/v6-m/nofp/crt0.o (exit)
/opt/st/stm32cubeide_2.1.1/plugins/com.st.stm32cube.ide.mcu.externaltools.gnu-tools-for-stm32.14.3.rel1.linux64_1.0.100.202602081740/tools/bin/../lib/gcc/arm-none-eabi/14.3.1/../../../../arm-none-eabi/lib/thumb/v6-m/nofp/libc_nano.a(libc_a-malloc.o)
                              ./Middlewares/Third_party/LittleFS/lfs.o (malloc)
/opt/st/stm32cubeide_2.1.1/plugins/com.st.stm32cube.ide.mcu.externaltools.gnu-tools-for-stm32.14.3.rel1.linux64_1.0.100.202602081740/tools/bin/../lib/gcc/arm-none-eabi/14.3.1/../../../../arm-none-eabi/lib/thumb/v6-m/nofp/libc_nano.a(libc_a-mallocr.o)
                              /opt/st/stm32cubeide_2.1.1/plugins/com.st.stm32cube.ide.mcu.externaltools.gnu-tools-for-stm32.14.3.rel1.linux64_1.0.100.202602081740/tools/bin/../lib/gcc/arm-none-eabi/14.3.1/../../../../arm-none-eabi/lib/thumb/v6-m/nofp/libc_nano.a(libc_a-malloc.o) (_malloc_r)
/opt/st/stm32cubeide_2.1.1/plugins/com.st.stm32cube.ide.mcu.externaltools.gnu-tools-for-stm32.14.3.rel1.linux64_1.0.100.202602081740/tools/bin/../lib/gcc/arm-none-eabi/14.3.1/../../../../arm-none-eabi/lib/thumb/v6-m/nofp/libc_nano.a(libc_a-mlock.o)
                              /opt/st/stm32cubeide_2.1.1/plugins/com.st.stm32cube.ide.mcu.externaltools.gnu-tools-for-stm32.14.3.rel1.linux64_1.0.100.202602081740/tools/bin/../lib/gcc/arm-none-eabi/14.3.1/../../../../arm-none-eabi/lib/thumb/v6-m/nofp/libc_nano.a(libc_a-mallocr.o) (__malloc_lock)
/opt/st/stm32cubeide_2.1.1/plugins/com.st.stm32cube.ide.mcu.externaltools.gnu-tools-for-stm32.14.3.rel1.linux64_1.0.100.202602081740/tools/bin/../lib/gcc/arm-none-eabi/14.3.1/../../../../arm-none-eabi/lib/thumb/v6-m/nofp/libc_nano.a(libc_a-findfp.o)
                              /opt/st/stm32cubeide_2.1.1/plugins/com.st.stm32cube.ide.mcu.externaltools.gnu-tools-for-stm32.14.3.rel1.linux64_1.0.100.202602081740/tools/bin/../lib/gcc/arm-none-eabi/14.3.1/../../../../arm-none-eabi/lib/thumb/v6-m/nofp/libc_nano.a(libc_a-exit.o) (__stdio_exit_handler)
/opt/st/stm32cubeide_2.1.1/plugins/com.st.stm32cube.ide.mcu.externaltools.gnu-tools-for-stm32.14.3.rel1.linux64_1.0.100.202602081740/tools/bin/../lib/gcc/arm-none-eabi/14.3.1/../../../../arm-none-eabi/lib/thumb/v6-m/nofp/libc_nano.a(libc_a-fprintf.o)
                              /opt/st/stm32cubeide_2.1.1/plugins/com.st.stm32cube.ide.mcu.externaltools.gnu-tools-for-stm32.14.3.rel1.linux64_1.0.100.202602081740/tools/bin/../lib/gcc/arm-none-eabi/14.3.1/../../../../arm-none-eabi/lib/thumb/v6-m/nofp/libc_nano.a(libc_a-assert.o) (fiprintf)
/opt/st/stm32cubeide_2.1.1/plugins/com.st.stm32cube.ide.mcu.externaltools.gnu-tools-for-stm32.14.3.rel1.linux64_1.0.100.202602081740/tools/bin/../lib/gcc/arm-none-eabi/14.3.1/../../../../arm-none-eabi/lib/thumb/v6-m/nofp/libc_nano.a(libc_a-fwalk.o)
                              /opt/st/stm32cubeide_2.1.1/plugins/com.st.stm32cube.ide.mcu.externaltools.gnu-tools-for-stm32.14.3.rel1.linux64_1.0.100.202602081740/tools/bin/../lib/gcc/arm-none-eabi/14.3.1/../../../../arm-none-eabi/lib/thumb/v6-m/nofp/libc_nano.a(libc_a-findfp.o) (_fwalk_sglue)
/opt/st/stm32cubeide_2.1.1/plugins/com.st.stm32cube.ide.mcu.externaltools.gnu-tools-for-stm32.14.3.rel1.linux64_1.0.100.202602081740/tools/bin/../lib/gcc/arm-none-eabi/14.3.1/../../../../arm-none-eabi/lib/thumb/v6-m/nofp/libc_nano.a(libc_a-printf.o)
                              ./Middlewares/Third_party/LittleFS/lfs.o (printf)
/opt/st/stm32cubeide_2.1.1/plugins/com.st.stm32cube.ide.mcu.externaltools.gnu-tools-for-stm32.14.3.rel1.linux64_1.0.100.202602081740/tools/bin/../lib/gcc/arm-none-eabi/14.3.1/../../../../arm-none-eabi/lib/thumb/v6-m/nofp/libc_nano.a(libc_a-stdio.o)
                              /opt/st/stm32cubeide_2.1.1/plugins/com.st.stm32cube.ide.mcu.externaltools.gnu-tools-for-stm32.14.3.rel1.linux64_1.0.100.202602081740/tools/bin/../lib/gcc/arm-none-eabi/14.3.1/../../../../arm-none-eabi/lib/thumb/v6-m/nofp/libc_nano.a(libc_a-findfp.o) (__sread)
[...]
Memory Configuration

Name             Origin             Length             Attributes
RAM              0x20000000         0x00002000         xrw
FLASH            0x08000000         0x00008000         xr
*default*        0x00000000         0xffffffff

Linker script and memory map

LOAD /opt/st/stm32cubeide_2.1.1/plugins/com.st.stm32cube.ide.mcu.externaltools.gnu-tools-for-stm32.14.3.rel1.linux64_1.0.100.202602081740/tools/bin/../lib/gcc/arm-none-eabi/14.3.1/thumb/v6-m/nofp/crti.o
LOAD /opt/st/stm32cubeide_2.1.1/plugins/com.st.stm32cube.ide.mcu.externaltools.gnu-tools-for-stm32.14.3.rel1.linux64_1.0.100.202602081740/tools/bin/../lib/gcc/arm-none-eabi/14.3.1/thumb/v6-m/nofp/crtbegin.o
LOAD /opt/st/stm32cubeide_2.1.1/plugins/com.st.stm32cube.ide.mcu.externaltools.gnu-tools-for-stm32.14.3.rel1.linux64_1.0.100.202602081740/tools/bin/../lib/gcc/arm-none-eabi/14.3.1/../../../../arm-none-eabi/lib/thumb/v6-m/nofp/crt0.o
LOAD ./Components/Filesystem/lfs_port.o
LOAD ./Components/Flash/Core/flash_high_api.o
LOAD ./Components/Flash/Core/flash_low_api.o
LOAD ./Core/Src/main.o
LOAD ./Core/Src/stm32g0xx_hal_msp.o
LOAD ./Core/Src/stm32g0xx_it.o
LOAD ./Core/Src/syscalls.o
LOAD ./Core/Src/sysmem.o
LOAD ./Core/Src/system_stm32g0xx.o
LOAD ./Core/Startup/startup_stm32g030f6px.o
LOAD ./Drivers/STM32G0xx_HAL_Driver/Src/stm32g0xx_hal.o
LOAD ./Drivers/STM32G0xx_HAL_Driver/Src/stm32g0xx_hal_cortex.o
LOAD ./Drivers/STM32G0xx_HAL_Driver/Src/stm32g0xx_hal_dma.o
LOAD ./Drivers/STM32G0xx_HAL_Driver/Src/stm32g0xx_hal_dma_ex.o
LOAD ./Drivers/STM32G0xx_HAL_Driver/Src/stm32g0xx_hal_exti.o
LOAD ./Drivers/STM32G0xx_HAL_Driver/Src/stm32g0xx_hal_flash.o
LOAD ./Drivers/STM32G0xx_HAL_Driver/Src/stm32g0xx_hal_flash_ex.o
LOAD ./Drivers/STM32G0xx_HAL_Driver/Src/stm32g0xx_hal_gpio.o
LOAD ./Drivers/STM32G0xx_HAL_Driver/Src/stm32g0xx_hal_pwr.o
LOAD ./Drivers/STM32G0xx_HAL_Driver/Src/stm32g0xx_hal_pwr_ex.o
LOAD ./Drivers/STM32G0xx_HAL_Driver/Src/stm32g0xx_hal_rcc.o
LOAD ./Drivers/STM32G0xx_HAL_Driver/Src/stm32g0xx_hal_rcc_ex.o
LOAD ./Drivers/STM32G0xx_HAL_Driver/Src/stm32g0xx_hal_spi.o
LOAD ./Drivers/STM32G0xx_HAL_Driver/Src/stm32g0xx_hal_spi_ex.o
LOAD ./Drivers/STM32G0xx_HAL_Driver/Src/stm32g0xx_ll_rcc.o
LOAD ./Middlewares/Third_party/LittleFS/lfs.o
LOAD ./Middlewares/Third_party/LittleFS/lfs_util.o
START GROUP
LOAD /opt/st/stm32cubeide_2.1.1/plugins/com.st.stm32cube.ide.mcu.externaltools.gnu-tools-for-stm32.14.3.rel1.linux64_1.0.100.202602081740/tools/bin/../lib/gcc/arm-none-eabi/14.3.1/../../../../arm-none-eabi/lib/thumb/v6-m/nofp/libc_nano.a
LOAD /opt/st/stm32cubeide_2.1.1/plugins/com.st.stm32cube.ide.mcu.externaltools.gnu-tools-for-stm32.14.3.rel1.linux64_1.0.100.202602081740/tools/bin/../lib/gcc/arm-none-eabi/14.3.1/../../../../arm-none-eabi/lib/thumb/v6-m/nofp/libm.a
END GROUP
START GROUP
LOAD /opt/st/stm32cubeide_2.1.1/plugins/com.st.stm32cube.ide.mcu.externaltools.gnu-tools-for-stm32.14.3.rel1.linux64_1.0.100.202602081740/tools/bin/../lib/gcc/arm-none-eabi/14.3.1/thumb/v6-m/nofp/libgcc.a
LOAD /opt/st/stm32cubeide_2.1.1/plugins/com.st.stm32cube.ide.mcu.externaltools.gnu-tools-for-stm32.14.3.rel1.linux64_1.0.100.202602081740/tools/bin/../lib/gcc/arm-none-eabi/14.3.1/../../../../arm-none-eabi/lib/thumb/v6-m/nofp/libc_nano.a
END GROUP
START GROUP
LOAD /opt/st/stm32cubeide_2.1.1/plugins/com.st.stm32cube.ide.mcu.externaltools.gnu-tools-for-stm32.14.3.rel1.linux64_1.0.100.202602081740/tools/bin/../lib/gcc/arm-none-eabi/14.3.1/thumb/v6-m/nofp/libgcc.a
LOAD /opt/st/stm32cubeide_2.1.1/plugins/com.st.stm32cube.ide.mcu.externaltools.gnu-tools-for-stm32.14.3.rel1.linux64_1.0.100.202602081740/tools/bin/../lib/gcc/arm-none-eabi/14.3.1/../../../../arm-none-eabi/lib/thumb/v6-m/nofp/libc_nano.a
LOAD /opt/st/stm32cubeide_2.1.1/plugins/com.st.stm32cube.ide.mcu.externaltools.gnu-tools-for-stm32.14.3.rel1.linux64_1.0.100.202602081740/tools/bin/../lib/gcc/arm-none-eabi/14.3.1/../../../../arm-none-eabi/lib/thumb/v6-m/nofp/libnosys.a
END GROUP
START GROUP
LOAD /opt/st/stm32cubeide_2.1.1/plugins/com.st.stm32cube.ide.mcu.externaltools.gnu-tools-for-stm32.14.3.rel1.linux64_1.0.100.202602081740/tools/bin/../lib/gcc/arm-none-eabi/14.3.1/thumb/v6-m/nofp/libgcc.a
LOAD /opt/st/stm32cubeide_2.1.1/plugins/com.st.stm32cube.ide.mcu.externaltools.gnu-tools-for-stm32.14.3.rel1.linux64_1.0.100.202602081740/tools/bin/../lib/gcc/arm-none-eabi/14.3.1/../../../../arm-none-eabi/lib/thumb/v6-m/nofp/libc_nano.a
LOAD /opt/st/stm32cubeide_2.1.1/plugins/com.st.stm32cube.ide.mcu.externaltools.gnu-tools-for-stm32.14.3.rel1.linux64_1.0.100.202602081740/tools/bin/../lib/gcc/arm-none-eabi/14.3.1/../../../../arm-none-eabi/lib/thumb/v6-m/nofp/libnosys.a
END GROUP
LOAD /opt/st/stm32cubeide_2.1.1/plugins/com.st.stm32cube.ide.mcu.externaltools.gnu-tools-for-stm32.14.3.rel1.linux64_1.0.100.202602081740/tools/bin/../lib/gcc/arm-none-eabi/14.3.1/thumb/v6-m/nofp/crtend.o
LOAD /opt/st/stm32cubeide_2.1.1/plugins/com.st.stm32cube.ide.mcu.externaltools.gnu-tools-for-stm32.14.3.rel1.linux64_1.0.100.202602081740/tools/bin/../lib/gcc/arm-none-eabi/14.3.1/thumb/v6-m/nofp/crtn.o
                0x20002000                        _estack = (ORIGIN (RAM) + LENGTH (RAM))
                0x00000200                        _Min_Heap_Size = 0x200
                0x00000400                        _Min_Stack_Size = 0x400

.isr_vector     0x08000000       0xb8
                0x08000000                        . = ALIGN (0x4)
 *(.isr_vector)
 .isr_vector    0x08000000       0xb8 ./Core/Startup/startup_stm32g030f6px.o
                0x08000000                g_pfnVectors
                0x080000b8                        . = ALIGN (0x4)

.text           0x080000b8     0x6578
                0x080000b8                        . = ALIGN (0x4)
 *(.text)
 .text          0x080000b8       0x48 /opt/st/stm32cubeide_2.1.1/plugins/com.st.stm32cube.ide.mcu.externaltools.gnu-tools-for-stm32.14.3.rel1.linux64_1.0.100.202602081740/tools/bin/../lib/gcc/arm-none-eabi/14.3.1/thumb/v6-m/nofp/crtbegin.o
 .text          0x08000100       0x14 /opt/st/stm32cubeide_2.1.1/plugins/com.st.stm32cube.ide.mcu.externaltools.gnu-tools-for-stm32.14.3.rel1.linux64_1.0.100.202602081740/tools/bin/../lib/gcc/arm-none-eabi/14.3.1/thumb/v6-m/nofp/libgcc.a(_thumb1_case_uqi.o)
                0x08000100                __gnu_thumb1_case_uqi
 .text          0x08000114       0x14 /opt/st/stm32cubeide_2.1.1/plugins/com.st.stm32cube.ide.mcu.externaltools.gnu-tools-for-stm32.14.3.rel1.linux64_1.0.100.202602081740/tools/bin/../lib/gcc/arm-none-eabi/14.3.1/thumb/v6-m/nofp/libgcc.a(_thumb1_case_shi.o)
                0x08000114                __gnu_thumb1_case_shi
 .text          0x08000128      0x114 /opt/st/stm32cubeide_2.1.1/plugins/com.st.stm32cube.ide.mcu.externaltools.gnu-tools-for-stm32.14.3.rel1.linux64_1.0.100.202602081740/tools/bin/../lib/gcc/arm-none-eabi/14.3.1/thumb/v6-m/nofp/libgcc.a(_udivsi3.o)
                0x08000128                __udivsi3
                0x08000128                __aeabi_uidiv
                0x08000234                __aeabi_uidivmod
 .text          0x0800023c        0x4 /opt/st/stm32cubeide_2.1.1/plugins/com.st.stm32cube.ide.mcu.externaltools.gnu-tools-for-stm32.14.3.rel1.linux64_1.0.100.202602081740/tools/bin/../lib/gcc/arm-none-eabi/14.3.1/thumb/v6-m/nofp/libgcc.a(_dvmd_tls.o)
                0x0800023c                __aeabi_ldiv0
                0x0800023c                __aeabi_idiv0
 .text          0x08000240       0x3c /opt/st/stm32cubeide_2.1.1/plugins/com.st.stm32cube.ide.mcu.externaltools.gnu-tools-for-stm32.14.3.rel1.linux64_1.0.100.202602081740/tools/bin/../lib/gcc/arm-none-eabi/14.3.1/thumb/v6-m/nofp/libgcc.a(_clzsi2.o)
                0x08000240                __clzsi2
 .text          0x0800027c       0x40 /opt/st/stm32cubeide_2.1.1/plugins/com.st.stm32cube.ide.mcu.externaltools.gnu-tools-for-stm32.14.3.rel1.linux64_1.0.100.202602081740/tools/bin/../lib/gcc/arm-none-eabi/14.3.1/thumb/v6-m/nofp/libgcc.a(_ctzsi2.o)
                0x0800027c                __ctzsi2
 .text          0x080002bc       0x34 /opt/st/stm32cubeide_2.1.1/plugins/com.st.stm32cube.ide.mcu.externaltools.gnu-tools-for-stm32.14.3.rel1.linux64_1.0.100.202602081740/tools/bin/../lib/gcc/arm-none-eabi/14.3.1/thumb/v6-m/nofp/libgcc.a(_popcountsi2.o)
                0x080002bc                __popcountsi2
 *(.text*)
 .text.lfs_flash_sync
                0x080002f0        0x4 ./Components/Filesystem/lfs_port.o
                0x080002f0                lfs_flash_sync
 .text.lfs_flash_read
                0x080002f4       0x28 ./Components/Filesystem/lfs_port.o
                0x080002f4                lfs_flash_read
 .text.lfs_flash_prog
                0x0800031c       0x28 ./Components/Filesystem/lfs_port.o
                0x0800031c                lfs_flash_prog
 .text.lfs_flash_erase
                0x08000344       0x20 ./Components/Filesystem/lfs_port.o
                0x08000344                lfs_flash_erase
 .text.lfs_port_init
                0x08000364       0x50 ./Components/Filesystem/lfs_port.o
                0x08000364                lfs_port_init
 .text.flash_wait_ready.part.0
                0x080003b4       0x4e ./Components/Flash/Core/flash_high_api.o
 *fill*         0x08000402        0x2 
 .text.createEntity
                0x08000404       0x3c ./Components/Flash/Core/flash_high_api.o
                0x08000404                createEntity
 .text.flash_init
                0x08000440       0x84 ./Components/Flash/Core/flash_high_api.o
                0x08000440                flash_init
 .text.flash_write_data
                0x080004c4       0x66 ./Components/Flash/Core/flash_high_api.o
                0x080004c4                flash_write_data
 .text.flash_read
                0x0800052a       0x1e ./Components/Flash/Core/flash_high_api.o
                0x0800052a                flash_read
 .text.flash_erase_4kb
                0x08000548       0x2e ./Components/Flash/Core/flash_high_api.o
                0x08000548                flash_erase_4kb
 .text.flash_cmd
                0x08000576       0x3e ./Components/Flash/Core/flash_low_api.o
                0x08000576                flash_cmd
 .text.flash_cmd_adr
                0x080005b4       0x44 ./Components/Flash/Core/flash_low_api.o
                0x080005b4                flash_cmd_adr
 .text.flash_transmit_data
                0x080005f8       0x6a ./Components/Flash/Core/flash_low_api.o
                0x080005f8                flash_transmit_data
 .text.flash_receive_data
                0x08000662       0x60 ./Components/Flash/Core/flash_low_api.o
                0x08000662                flash_receive_data
 .text.flash_cmd_receive_data
                0x080006c2       0x56 ./Components/Flash/Core/flash_low_api.o
                0x080006c2                flash_cmd_receive_data
 .text.SystemClock_Config
                0x08000718       0x5e ./Core/Src/main.o
                0x08000718                SystemClock_Config
 *fill*         0x08000776        0x2 
 .text.startup.main
                0x08000778      0x118 ./Core/Src/main.o
                0x08000778                main
 .text.HAL_MspInit
                0x08000890       0x30 ./Core/Src/stm32g0xx_hal_msp.o
                0x08000890                HAL_MspInit
 .text.HAL_SPI_MspInit
                0x080008c0       0x5c ./Core/Src/stm32g0xx_hal_msp.o
                0x080008c0                HAL_SPI_MspInit
 .text.NMI_Handler
                0x0800091c        0x2 ./Core/Src/stm32g0xx_it.o
                0x0800091c                NMI_Handler
 .text.HardFault_Handler
                0x0800091e        0x2 ./Core/Src/stm32g0xx_it.o
                0x0800091e                HardFault_Handler
 .text.SVC_Handler
                0x08000920        0x2 ./Core/Src/stm32g0xx_it.o
                0x08000920                SVC_Handler
 .text.PendSV_Handler
                0x08000922        0x2 ./Core/Src/stm32g0xx_it.o
                0x08000922                PendSV_Handler
 .text.SysTick_Handler
                0x08000924        0x8 ./Core/Src/stm32g0xx_it.o
                0x08000924                SysTick_Handler
 .text._getpid  0x0800092c        0x4 ./Core/Src/syscalls.o
                0x0800092c                _getpid
 .text._kill    0x08000930       0x10 ./Core/Src/syscalls.o
                0x08000930                _kill
 .text._exit    0x08000940        0xc ./Core/Src/syscalls.o
                0x08000940                _exit
 .text._read    0x0800094c       0x1a ./Core/Src/syscalls.o
                0x0800094c                _read
 .text._write   0x08000966       0x1a ./Core/Src/syscalls.o
                0x08000966                _write
 .text._close   0x08000980        0x6 ./Core/Src/syscalls.o
                0x08000980                _close
 .text._fstat   0x08000986        0xa ./Core/Src/syscalls.o
                0x08000986                _fstat
 .text._isatty  0x08000990        0x4 ./Core/Src/syscalls.o
                0x08000990                _isatty
 .text._lseek   0x08000994        0x4 ./Core/Src/syscalls.o
                0x08000994                _lseek
 .text._sbrk    0x08000998       0x40 ./Core/Src/sysmem.o
                0x08000998                _sbrk
 .text.SystemInit
                0x080009d8        0x2 ./Core/Src/system_stm32g0xx.o
                0x080009d8                SystemInit
 *fill*         0x080009da        0x2 
 .text.Reset_Handler
                0x080009dc       0x50 ./Core/Startup/startup_stm32g030f6px.o
                0x080009dc                Reset_Handler
 .text.Default_Handler
                0x08000a2c        0x2 ./Core/Startup/startup_stm32g030f6px.o
                0x08000a2c                TIM1_CC_IRQHandler
                0x08000a2c                I2C1_IRQHandler
                0x08000a2c                RTC_TAMP_IRQHandler
                0x08000a2c                SPI1_IRQHandler
                0x08000a2c                DMA1_Ch4_5_DMAMUX1_OVR_IRQHandler
                0x08000a2c                EXTI2_3_IRQHandler
                0x08000a2c                ADC1_IRQHandler
                0x08000a2c                I2C2_IRQHandler
                0x08000a2c                TIM17_IRQHandler
                0x08000a2c                TIM16_IRQHandler
                0x08000a2c                TIM3_IRQHandler
                0x08000a2c                EXTI4_15_IRQHandler
                0x08000a2c                RCC_IRQHandler
                0x08000a2c                DMA1_Channel1_IRQHandler
                0x08000a2c                Default_Handler
                0x08000a2c                TIM14_IRQHandler
                0x08000a2c                EXTI0_1_IRQHandler
                0x08000a2c                SPI2_IRQHandler
                0x08000a2c                WWDG_IRQHandler
                0x08000a2c                DMA1_Channel2_3_IRQHandler
                0x08000a2c                USART2_IRQHandler
                0x08000a2c                FLASH_IRQHandler
                0x08000a2c                USART1_IRQHandler
                0x08000a2c                TIM1_BRK_UP_TRG_COM_IRQHandler
 *fill*         0x08000a2e        0x2 
 .text.HAL_InitTick
                0x08000a30       0x50 ./Drivers/STM32G0xx_HAL_Driver/Src/stm32g0xx_hal.o
                0x08000a30                HAL_InitTick
 .text.HAL_Init
                0x08000a80       0x28 ./Drivers/STM32G0xx_HAL_Driver/Src/stm32g0xx_hal.o
                0x08000a80                HAL_Init
 .text.HAL_IncTick
                0x08000aa8       0x18 ./Drivers/STM32G0xx_HAL_Driver/Src/stm32g0xx_hal.o
                0x08000aa8                HAL_IncTick
 .text.HAL_GetTick
                0x08000ac0        0xc ./Drivers/STM32G0xx_HAL_Driver/Src/stm32g0xx_hal.o
                0x08000ac0                HAL_GetTick
 .text.HAL_Delay
                0x08000acc       0x24 ./Drivers/STM32G0xx_HAL_Driver/Src/stm32g0xx_hal.o
                0x08000acc                HAL_Delay
 .text.HAL_NVIC_SetPriority
                0x08000af0       0x54 ./Drivers/STM32G0xx_HAL_Driver/Src/stm32g0xx_hal_cortex.o
                0x08000af0                HAL_NVIC_SetPriority
 .text.HAL_SYSTICK_Config
                0x08000b44       0x34 ./Drivers/STM32G0xx_HAL_Driver/Src/stm32g0xx_hal_cortex.o
                0x08000b44                HAL_SYSTICK_Config
 .text.HAL_GPIO_Init
                0x08000b78      0x164 ./Drivers/STM32G0xx_HAL_Driver/Src/stm32g0xx_hal_gpio.o
                0x08000b78                HAL_GPIO_Init
 .text.HAL_GPIO_WritePin
                0x08000cdc        0xc ./Drivers/STM32G0xx_HAL_Driver/Src/stm32g0xx_hal_gpio.o
                0x08000cdc                HAL_GPIO_WritePin
 .text.HAL_PWREx_ControlVoltageScaling
                0x08000ce8       0x58 ./Drivers/STM32G0xx_HAL_Driver/Src/stm32g0xx_hal_pwr_ex.o
                0x08000ce8                HAL_PWREx_ControlVoltageScaling
 .text.HAL_RCC_OscConfig
                0x08000d40      0x438 ./Drivers/STM32G0xx_HAL_Driver/Src/stm32g0xx_hal_rcc.o
                0x08000d40                HAL_RCC_OscConfig
 .text.HAL_RCC_GetSysClockFreq
                0x08001178       0x88 ./Drivers/STM32G0xx_HAL_Driver/Src/stm32g0xx_hal_rcc.o
                0x08001178                HAL_RCC_GetSysClockFreq
 .text.HAL_RCC_ClockConfig
                0x08001200      0x154 ./Drivers/STM32G0xx_HAL_Driver/Src/stm32g0xx_hal_rcc.o
                0x08001200                HAL_RCC_ClockConfig
 .text.SPI_WaitFlagStateUntilTimeout.constprop.0
                0x08001354       0xb8 ./Drivers/STM32G0xx_HAL_Driver/Src/stm32g0xx_hal_spi.o
 .text.SPI_WaitFifoStateUntilTimeout.constprop.0
                0x0800140c       0xd8 ./Drivers/STM32G0xx_HAL_Driver/Src/stm32g0xx_hal_spi.o
 .text.SPI_EndRxTransaction
                0x080014e4       0x7a ./Drivers/STM32G0xx_HAL_Driver/Src/stm32g0xx_hal_spi.o
 .text.SPI_EndRxTxTransaction
                0x0800155e       0x46 ./Drivers/STM32G0xx_HAL_Driver/Src/stm32g0xx_hal_spi.o
 .text.HAL_SPI_Init
                0x080015a4       0xf0 ./Drivers/STM32G0xx_HAL_Driver/Src/stm32g0xx_hal_spi.o
                0x080015a4                HAL_SPI_Init
 .text.HAL_SPI_Transmit
                0x08001694      0x18a ./Drivers/STM32G0xx_HAL_Driver/Src/stm32g0xx_hal_spi.o
                0x08001694                HAL_SPI_Transmit
 *fill*         0x0800181e        0x2 
 .text.HAL_SPI_TransmitReceive
                0x08001820      0x22c ./Drivers/STM32G0xx_HAL_Driver/Src/stm32g0xx_hal_spi.o
                0x08001820                HAL_SPI_TransmitReceive
 .text.HAL_SPI_Receive
                0x08001a4c      0x17c ./Drivers/STM32G0xx_HAL_Driver/Src/stm32g0xx_hal_spi.o
                0x08001a4c                HAL_SPI_Receive
 .text.lfs_pair_isnull
                0x08001bc8       0x16 ./Middlewares/Third_party/LittleFS/lfs.o
 .text.lfs_pair_cmp
                0x08001bde       0x22 ./Middlewares/Third_party/LittleFS/lfs.o
 .text.lfs_tag_dsize
                0x08001c00       0x16 ./Middlewares/Third_party/LittleFS/lfs.o
 .text.lfs_gstate_xor
                0x08001c16       0x1a ./Middlewares/Third_party/LittleFS/lfs.o
 .text.lfs_gstate_iszero
                0x08001c30       0x18 ./Middlewares/Third_party/LittleFS/lfs.o
 .text.lfs_gstate_hasmovehere
                0x08001c48       0x20 ./Middlewares/Third_party/LittleFS/lfs.o
 .text.lfs_mlist_isopen
                0x08001c68       0x1c ./Middlewares/Third_party/LittleFS/lfs.o
 .text.lfs_alloc_lookahead
                0x08001c84       0x2e ./Middlewares/Third_party/LittleFS/lfs.o
 *fill*         0x08001cb2        0x2 
 .text.lfs_dir_traverse_filter
                0x08001cb4       0x7c ./Middlewares/Third_party/LittleFS/lfs.o
 .text.lfs_dir_commit_size
                0x08001d30       0x14 ./Middlewares/Third_party/LittleFS/lfs.o
 .text.lfs_fs_size_count
                0x08001d44        0xa ./Middlewares/Third_party/LittleFS/lfs.o
 *fill*         0x08001d4e        0x2 
 .text.lfs_bd_read
                0x08001d50      0x1d0 ./Middlewares/Third_party/LittleFS/lfs.o
 .text.lfs_dir_getslice
                0x08001f20      0x120 ./Middlewares/Third_party/LittleFS/lfs.o
 .text.lfs_dir_get
                0x08002040       0x18 ./Middlewares/Third_party/LittleFS/lfs.o
 .text.lfs_dir_getgstate
                0x08002058       0x34 ./Middlewares/Third_party/LittleFS/lfs.o
 .text.lfs_fs_parent_match
                0x0800208c       0x36 ./Middlewares/Third_party/LittleFS/lfs.o
 *fill*         0x080020c2        0x2 
 .text.lfs_path_islast
                0x080020c4       0x28 ./Middlewares/Third_party/LittleFS/lfs.o
 .text.lfs_bd_erase
                0x080020ec       0x3c ./Middlewares/Third_party/LittleFS/lfs.o
 .text.lfs_dir_traverse.constprop.0
                0x08002128      0x2bc ./Middlewares/Third_party/LittleFS/lfs.o
 .text.lfs_dir_getread.constprop.0
                0x080023e4       0xc8 ./Middlewares/Third_party/LittleFS/lfs.o
 .text.lfs_bd_crc.constprop.0
                0x080024ac       0x58 ./Middlewares/Third_party/LittleFS/lfs.o
 .text.lfs_dir_fetchmatch
                0x08002504      0x488 ./Middlewares/Third_party/LittleFS/lfs.o
 .text.lfs_dir_fetch
                0x0800298c       0x18 ./Middlewares/Third_party/LittleFS/lfs.o
 .text.lfs_dir_find
                0x080029a4      0x164 ./Middlewares/Third_party/LittleFS/lfs.o
 .text.lfs_bd_cmp.constprop.0
                0x08002b08       0x60 ./Middlewares/Third_party/LittleFS/lfs.o
 .text.lfs_dir_find_match
                0x08002b68       0x3c ./Middlewares/Third_party/LittleFS/lfs.o
 .text.lfs_fs_preporphans.isra.0
                0x08002ba4       0x60 ./Middlewares/Third_party/LittleFS/lfs.o
 .text.lfs_deinit.isra.0
                0x08002c04       0x30 ./Middlewares/Third_party/LittleFS/lfs.o
 .text.lfs_ctz_index.isra.0
                0x08002c34       0x3e ./Middlewares/Third_party/LittleFS/lfs.o
 .text.lfs_ctz_find.constprop.0
                0x08002c72       0x8a ./Middlewares/Third_party/LittleFS/lfs.o
 .text.lfs_file_flushedread
                0x08002cfc       0xf0 ./Middlewares/Third_party/LittleFS/lfs.o
 .text.lfs_ctz_traverse
                0x08002dec       0x86 ./Middlewares/Third_party/LittleFS/lfs.o
 .text.lfs_cache_zero.isra.0
                0x08002e72       0x16 ./Middlewares/Third_party/LittleFS/lfs.o
 .text.lfs_init
                0x08002e88      0x388 ./Middlewares/Third_party/LittleFS/lfs.o
 .text.lfs_bd_flush
                0x08003210       0xb0 ./Middlewares/Third_party/LittleFS/lfs.o
 .text.lfs_bd_prog
                0x080032c0       0xe8 ./Middlewares/Third_party/LittleFS/lfs.o
 .text.lfs_dir_commitprog
                0x080033a8       0x3e ./Middlewares/Third_party/LittleFS/lfs.o
 .text.lfs_dir_commitattr
                0x080033e6       0xb0 ./Middlewares/Third_party/LittleFS/lfs.o
 .text.lfs_dir_commit_commit
                0x08003496        0xe ./Middlewares/Third_party/LittleFS/lfs.o
 .text.lfs_bd_sync.constprop.0
                0x080034a4       0x38 ./Middlewares/Third_party/LittleFS/lfs.o
 .text.lfs_dir_commitcrc
                0x080034dc      0x1e0 ./Middlewares/Third_party/LittleFS/lfs.o
 .text.lfs_tortoise_detectcycles
                0x080036bc       0x58 ./Middlewares/Third_party/LittleFS/lfs.o
 .text.lfs_fs_parent
                0x08003714       0x88 ./Middlewares/Third_party/LittleFS/lfs.o
 .text.lfs_fs_traverse_
                0x0800379c      0x15c ./Middlewares/Third_party/LittleFS/lfs.o
 .text.lfs_alloc_scan
                0x080038f8       0x50 ./Middlewares/Third_party/LittleFS/lfs.o
 .text.lfs_alloc
                0x08003948       0xa8 ./Middlewares/Third_party/LittleFS/lfs.o
 .text.lfs_dir_alloc
                0x080039f0       0x7a ./Middlewares/Third_party/LittleFS/lfs.o
 *fill*         0x08003a6a        0x2 
 .text.lfs_file_relocate
                0x08003a6c      0x11c ./Middlewares/Third_party/LittleFS/lfs.o
 .text.lfs_file_flushedwrite
                0x08003b88      0x290 ./Middlewares/Third_party/LittleFS/lfs.o
 .text.lfs_file_flush
                0x08003e18      0x114 ./Middlewares/Third_party/LittleFS/lfs.o
 .text.lfs_fs_size_
                0x08003f2c       0x1c ./Middlewares/Third_party/LittleFS/lfs.o
 .text.lfs_fs_pred
                0x08003f48       0x68 ./Middlewares/Third_party/LittleFS/lfs.o
 .text.lfs_dir_compact
                0x08003fb0      0x26c ./Middlewares/Third_party/LittleFS/lfs.o
 .text.lfs_dir_split
                0x0800421c       0x7c ./Middlewares/Third_party/LittleFS/lfs.o
 .text.lfs_dir_relocatingcommit
                0x08004298      0x4bc ./Middlewares/Third_party/LittleFS/lfs.o
 .text.lfs_dir_orphaningcommit
                0x08004754      0x378 ./Middlewares/Third_party/LittleFS/lfs.o
 .text.lfs_fs_deorphan
                0x08004acc      0x1d4 ./Middlewares/Third_party/LittleFS/lfs.o
 .text.lfs_dir_commit
                0x08004ca0       0x18 ./Middlewares/Third_party/LittleFS/lfs.o
 .text.lfs_fs_forceconsistency
                0x08004cb8      0x130 ./Middlewares/Third_party/LittleFS/lfs.o
 .text.lfs_file_sync_
                0x08004de8      0x104 ./Middlewares/Third_party/LittleFS/lfs.o
 .text.lfs_file_close_
                0x08004eec       0x40 ./Middlewares/Third_party/LittleFS/lfs.o
 .text.lfs_file_opencfg_
                0x08004f2c      0x22c ./Middlewares/Third_party/LittleFS/lfs.o
 .text.lfs_format
                0x08005158       0xf0 ./Middlewares/Third_party/LittleFS/lfs.o
                0x08005158                lfs_format
 .text.lfs_mount
                0x08005248      0x270 ./Middlewares/Third_party/LittleFS/lfs.o
                0x08005248                lfs_mount
 .text.lfs_file_open
                0x080054b8       0x48 ./Middlewares/Third_party/LittleFS/lfs.o
                0x080054b8                lfs_file_open
 .text.lfs_file_close
                0x08005500       0x38 ./Middlewares/Third_party/LittleFS/lfs.o
                0x08005500                lfs_file_close
 .text.lfs_file_read
                0x08005538       0x6c ./Middlewares/Third_party/LittleFS/lfs.o
                0x08005538                lfs_file_read
 .text.lfs_crc  0x080055a4       0x34 ./Middlewares/Third_party/LittleFS/lfs_util.o
                0x080055a4                lfs_crc
 .text.__assert_func
                0x080055d8       0x3c /opt/st/stm32cubeide_2.1.1/plugins/com.st.stm32cube.ide.mcu.externaltools.gnu-tools-for-stm32.14.3.rel1.linux64_1.0.100.202602081740/tools/bin/../lib/gcc/arm-none-eabi/14.3.1/../../../../arm-none-eabi/lib/thumb/v6-m/nofp/libc_nano.a(libc_a-assert.o)
                0x080055d8                __assert_func
 .text.malloc   0x08005614       0x14 /opt/st/stm32cubeide_2.1.1/plugins/com.st.stm32cube.ide.mcu.externaltools.gnu-tools-for-stm32.14.3.rel1.linux64_1.0.100.202602081740/tools/bin/../lib/gcc/arm-none-eabi/14.3.1/../../../../arm-none-eabi/lib/thumb/v6-m/nofp/libc_nano.a(libc_a-malloc.o)
                0x08005614                malloc
 .text.free     0x08005628       0x14 /opt/st/stm32cubeide_2.1.1/plugins/com.st.stm32cube.ide.mcu.externaltools.gnu-tools-for-stm32.14.3.rel1.linux64_1.0.100.202602081740/tools/bin/../lib/gcc/arm-none-eabi/14.3.1/../../../../arm-none-eabi/lib/thumb/v6-m/nofp/libc_nano.a(libc_a-malloc.o)
                0x08005628                free
 .text.sbrk_aligned
                0x0800563c       0x44 /opt/st/stm32cubeide_2.1.1/plugins/com.st.stm32cube.ide.mcu.externaltools.gnu-tools-for-stm32.14.3.rel1.linux64_1.0.100.202602081740/tools/bin/../lib/gcc/arm-none-eabi/14.3.1/../../../../arm-none-eabi/lib/thumb/v6-m/nofp/libc_nano.a(libc_a-mallocr.o)
 .text._malloc_r
                0x08005680      0x100 /opt/st/stm32cubeide_2.1.1/plugins/com.st.stm32cube.ide.mcu.externaltools.gnu-tools-for-stm32.14.3.rel1.linux64_1.0.100.202602081740/tools/bin/../lib/gcc/arm-none-eabi/14.3.1/../../../../arm-none-eabi/lib/thumb/v6-m/nofp/libc_nano.a(libc_a-mallocr.o)
                0x08005680                _malloc_r
 .text.__malloc_lock
                0x08005780       0x10 /opt/st/stm32cubeide_2.1.1/plugins/com.st.stm32cube.ide.mcu.externaltools.gnu-tools-for-stm32.14.3.rel1.linux64_1.0.100.202602081740/tools/bin/../lib/gcc/arm-none-eabi/14.3.1/../../../../arm-none-eabi/lib/thumb/v6-m/nofp/libc_nano.a(libc_a-mlock.o)
                0x08005780                __malloc_lock
 .text.__malloc_unlock
                0x08005790       0x10 /opt/st/stm32cubeide_2.1.1/plugins/com.st.stm32cube.ide.mcu.externaltools.gnu-tools-for-stm32.14.3.rel1.linux64_1.0.100.202602081740/tools/bin/../lib/gcc/arm-none-eabi/14.3.1/../../../../arm-none-eabi/lib/thumb/v6-m/nofp/libc_nano.a(libc_a-mlock.o)
                0x08005790                __malloc_unlock
 .text.std      0x080057a0       0x6c /opt/st/stm32cubeide_2.1.1/plugins/com.st.stm32cube.ide.mcu.externaltools.gnu-tools-for-stm32.14.3.rel1.linux64_1.0.100.202602081740/tools/bin/../lib/gcc/arm-none-eabi/14.3.1/../../../../arm-none-eabi/lib/thumb/v6-m/nofp/libc_nano.a(libc_a-findfp.o)
 .text.stdio_exit_handler
                0x0800580c       0x1c /opt/st/stm32cubeide_2.1.1/plugins/com.st.stm32cube.ide.mcu.externaltools.gnu-tools-for-stm32.14.3.rel1.linux64_1.0.100.202602081740/tools/bin/../lib/gcc/arm-none-eabi/14.3.1/../../../../arm-none-eabi/lib/thumb/v6-m/nofp/libc_nano.a(libc_a-findfp.o)
 .text.cleanup_stdio
                0x08005828       0x3c /opt/st/stm32cubeide_2.1.1/plugins/com.st.stm32cube.ide.mcu.externaltools.gnu-tools-for-stm32.14.3.rel1.linux64_1.0.100.202602081740/tools/bin/../lib/gcc/arm-none-eabi/14.3.1/../../../../arm-none-eabi/lib/thumb/v6-m/nofp/libc_nano.a(libc_a-findfp.o)
 .text.global_stdio_init.part.0
                0x08005864       0x3c /opt/st/stm32cubeide_2.1.1/plugins/com.st.stm32cube.ide.mcu.externaltools.gnu-tools-for-stm32.14.3.rel1.linux64_1.0.100.202602081740/tools/bin/../lib/gcc/arm-none-eabi/14.3.1/../../../../arm-none-eabi/lib/thumb/v6-m/nofp/libc_nano.a(libc_a-findfp.o)
 .text.__sfp_lock_acquire
                0x080058a0       0x10 /opt/st/stm32cubeide_2.1.1/plugins/com.st.stm32cube.ide.mcu.externaltools.gnu-tools-for-stm32.14.3.rel1.linux64_1.0.100.202602081740/tools/bin/../lib/gcc/arm-none-eabi/14.3.1/../../../../arm-none-eabi/lib/thumb/v6-m/nofp/libc_nano.a(libc_a-findfp.o)
                0x080058a0                __sfp_lock_acquire
 .text.__sfp_lock_release
                0x080058b0       0x10 /opt/st/stm32cubeide_2.1.1/plugins/com.st.stm32cube.ide.mcu.externaltools.gnu-tools-for-stm32.14.3.rel1.linux64_1.0.100.202602081740/tools/bin/../lib/gcc/arm-none-eabi/14.3.1/../../../../arm-none-eabi/lib/thumb/v6-m/nofp/libc_nano.a(libc_a-findfp.o)
                0x080058b0                __sfp_lock_release
 .text.__sinit  0x080058c0       0x30 /opt/st/stm32cubeide_2.1.1/plugins/com.st.stm32cube.ide.mcu.externaltools.gnu-tools-for-stm32.14.3.rel1.linux64_1.0.100.202602081740/tools/bin/../lib/gcc/arm-none-eabi/14.3.1/../../../../arm-none-eabi/lib/thumb/v6-m/nofp/libc_nano.a(libc_a-findfp.o)
                0x080058c0                __sinit
 .text.fprintf  0x080058f0       0x20 /opt/st/stm32cubeide_2.1.1/plugins/com.st.stm32cube.ide.mcu.externaltools.gnu-tools-for-stm32.14.3.rel1.linux64_1.0.100.202602081740/tools/bin/../lib/gcc/arm-none-eabi/14.3.1/../../../../arm-none-eabi/lib/thumb/v6-m/nofp/libc_nano.a(libc_a-fprintf.o)
                0x080058f0                fprintf
                0x080058f0                fiprintf
 .text._fwalk_sglue
                0x08005910       0x38 /opt/st/stm32cubeide_2.1.1/plugins/com.st.stm32cube.ide.mcu.externaltools.gnu-tools-for-stm32.14.3.rel1.linux64_1.0.100.202602081740/tools/bin/../lib/gcc/arm-none-eabi/14.3.1/../../../../arm-none-eabi/lib/thumb/v6-m/nofp/libc_nano.a(libc_a-fwalk.o)
                0x08005910                _fwalk_sglue
 .text.printf   0x08005948       0x20 /opt/st/stm32cubeide_2.1.1/plugins/com.st.stm32cube.ide.mcu.externaltools.gnu-tools-for-stm32.14.3.rel1.linux64_1.0.100.202602081740/tools/bin/../lib/gcc/arm-none-eabi/14.3.1/../../../../arm-none-eabi/lib/thumb/v6-m/nofp/libc_nano.a(libc_a-printf.o)
                0x08005948                printf
                0x08005948                iprintf
 .text.__sread  0x08005968       0x28 /opt/st/stm32cubeide_2.1.1/plugins/com.st.stm32cube.ide.mcu.externaltools.gnu-tools-for-stm32.14.3.rel1.linux64_1.0.100.202602081740/tools/bin/../lib/gcc/arm-none-eabi/14.3.1/../../../../arm-none-eabi/lib/thumb/v6-m/nofp/libc_nano.a(libc_a-stdio.o)
                0x08005968                __sread
 .text.__swrite
                0x08005990       0x38 /opt/st/stm32cubeide_2.1.1/plugins/com.st.stm32cube.ide.mcu.externaltools.gnu-tools-for-stm32.14.3.rel1.linux64_1.0.100.202602081740/tools/bin/../lib/gcc/arm-none-eabi/14.3.1/../../../../arm-none-eabi/lib/thumb/v6-m/nofp/libc_nano.a(libc_a-stdio.o)
                0x08005990                __swrite
 .text.__sseek  0x080059c8       0x2c /opt/st/stm32cubeide_2.1.1/plugins/com.st.stm32cube.ide.mcu.externaltools.gnu-tools-for-stm32.14.3.rel1.linux64_1.0.100.202602081740/tools/bin/../lib/gcc/arm-none-eabi/14.3.1/../../../../arm-none-eabi/lib/thumb/v6-m/nofp/libc_nano.a(libc_a-stdio.o)
                0x080059c8                __sseek
 .text.__sclose
                0x080059f4        0xc /opt/st/stm32cubeide_2.1.1/plugins/com.st.stm32cube.ide.mcu.externaltools.gnu-tools-for-stm32.14.3.rel1.linux64_1.0.100.202602081740/tools/bin/../lib/gcc/arm-none-eabi/14.3.1/../../../../arm-none-eabi/lib/thumb/v6-m/nofp/libc_nano.a(libc_a-stdio.o)
                0x080059f4                __sclose
 .text.memcmp   0x08005a00       0x1c /opt/st/stm32cubeide_2.1.1/plugins/com.st.stm32cube.ide.mcu.externaltools.gnu-tools-for-stm32.14.3.rel1.linux64_1.0.100.202602081740/tools/bin/../lib/gcc/arm-none-eabi/14.3.1/../../../../arm-none-eabi/lib/thumb/v6-m/nofp/libc_nano.a(libc_a-memcmp.o)
                0x08005a00                memcmp
 .text.memset   0x08005a1c       0x10 /opt/st/stm32cubeide_2.1.1/plugins/com.st.stm32cube.ide.mcu.externaltools.gnu-tools-for-stm32.14.3.rel1.linux64_1.0.100.202602081740/tools/bin/../lib/gcc/arm-none-eabi/14.3.1/../../../../arm-none-eabi/lib/thumb/v6-m/nofp/libc_nano.a(libc_a-memset.o)
                0x08005a1c                memset
 .text.strcspn  0x08005a2c       0x22 /opt/st/stm32cubeide_2.1.1/plugins/com.st.stm32cube.ide.mcu.externaltools.gnu-tools-for-stm32.14.3.rel1.linux64_1.0.100.202602081740/tools/bin/../lib/gcc/arm-none-eabi/14.3.1/../../../../arm-none-eabi/lib/thumb/v6-m/nofp/libc_nano.a(libc_a-strcspn.o)
                0x08005a2c                strcspn
 .text.strspn   0x08005a4e       0x22 /opt/st/stm32cubeide_2.1.1/plugins/com.st.stm32cube.ide.mcu.externaltools.gnu-tools-for-stm32.14.3.rel1.linux64_1.0.100.202602081740/tools/bin/../lib/gcc/arm-none-eabi/14.3.1/../../../../arm-none-eabi/lib/thumb/v6-m/nofp/libc_nano.a(libc_a-strspn.o)
                0x08005a4e                strspn
 .text._close_r
                0x08005a70       0x24 /opt/st/stm32cubeide_2.1.1/plugins/com.st.stm32cube.ide.mcu.externaltools.gnu-tools-for-stm32.14.3.rel1.linux64_1.0.100.202602081740/tools/bin/../lib/gcc/arm-none-eabi/14.3.1/../../../../arm-none-eabi/lib/thumb/v6-m/nofp/libc_nano.a(libc_a-closer.o)
                0x08005a70                _close_r
 .text._lseek_r
                0x08005a94       0x28 /opt/st/stm32cubeide_2.1.1/plugins/com.st.stm32cube.ide.mcu.externaltools.gnu-tools-for-stm32.14.3.rel1.linux64_1.0.100.202602081740/tools/bin/../lib/gcc/arm-none-eabi/14.3.1/../../../../arm-none-eabi/lib/thumb/v6-m/nofp/libc_nano.a(libc_a-lseekr.o)
                0x08005a94                _lseek_r
 .text._read_r  0x08005abc       0x28 /opt/st/stm32cubeide_2.1.1/plugins/com.st.stm32cube.ide.mcu.externaltools.gnu-tools-for-stm32.14.3.rel1.linux64_1.0.100.202602081740/tools/bin/../lib/gcc/arm-none-eabi/14.3.1/../../../../arm-none-eabi/lib/thumb/v6-m/nofp/libc_nano.a(libc_a-readr.o)
                0x08005abc                _read_r
 .text._sbrk_r  0x08005ae4       0x24 /opt/st/stm32cubeide_2.1.1/plugins/com.st.stm32cube.ide.mcu.externaltools.gnu-tools-for-stm32.14.3.rel1.linux64_1.0.100.202602081740/tools/bin/../lib/gcc/arm-none-eabi/14.3.1/../../../../arm-none-eabi/lib/thumb/v6-m/nofp/libc_nano.a(libc_a-sbrkr.o)
                0x08005ae4                _sbrk_r
 .text._write_r
                0x08005b08       0x28 /opt/st/stm32cubeide_2.1.1/plugins/com.st.stm32cube.ide.mcu.externaltools.gnu-tools-for-stm32.14.3.rel1.linux64_1.0.100.202602081740/tools/bin/../lib/gcc/arm-none-eabi/14.3.1/../../../../arm-none-eabi/lib/thumb/v6-m/nofp/libc_nano.a(libc_a-writer.o)
                0x08005b08                _write_r
 .text.__errno  0x08005b30        0xc /opt/st/stm32cubeide_2.1.1/plugins/com.st.stm32cube.ide.mcu.externaltools.gnu-tools-for-stm32.14.3.rel1.linux64_1.0.100.202602081740/tools/bin/../lib/gcc/arm-none-eabi/14.3.1/../../../../arm-none-eabi/lib/thumb/v6-m/nofp/libc_nano.a(libc_a-errno.o)
                0x08005b30                __errno
 .text.__libc_init_array
                0x08005b3c       0x48 /opt/st/stm32cubeide_2.1.1/plugins/com.st.stm32cube.ide.mcu.externaltools.gnu-tools-for-stm32.14.3.rel1.linux64_1.0.100.202602081740/tools/bin/../lib/gcc/arm-none-eabi/14.3.1/../../../../arm-none-eabi/lib/thumb/v6-m/nofp/libc_nano.a(libc_a-init.o)
                0x08005b3c                __libc_init_array
 .text.__retarget_lock_init_recursive
                0x08005b84        0x2 /opt/st/stm32cubeide_2.1.1/plugins/com.st.stm32cube.ide.mcu.externaltools.gnu-tools-for-stm32.14.3.rel1.linux64_1.0.100.202602081740/tools/bin/../lib/gcc/arm-none-eabi/14.3.1/../../../../arm-none-eabi/lib/thumb/v6-m/nofp/libc_nano.a(libc_a-lock.o)
                0x08005b84                __retarget_lock_init_recursive
 .text.__retarget_lock_acquire_recursive
                0x08005b86        0x2 /opt/st/stm32cubeide_2.1.1/plugins/com.st.stm32cube.ide.mcu.externaltools.gnu-tools-for-stm32.14.3.rel1.linux64_1.0.100.202602081740/tools/bin/../lib/gcc/arm-none-eabi/14.3.1/../../../../arm-none-eabi/lib/thumb/v6-m/nofp/libc_nano.a(libc_a-lock.o)
                0x08005b86                __retarget_lock_acquire_recursive
 .text.__retarget_lock_release_recursive
                0x08005b88        0x2 /opt/st/stm32cubeide_2.1.1/plugins/com.st.stm32cube.ide.mcu.externaltools.gnu-tools-for-stm32.14.3.rel1.linux64_1.0.100.202602081740/tools/bin/../lib/gcc/arm-none-eabi/14.3.1/../../../../arm-none-eabi/lib/thumb/v6-m/nofp/libc_nano.a(libc_a-lock.o)
                0x08005b88                __retarget_lock_release_recursive
 .text.memcpy   0x08005b8a       0x12 /opt/st/stm32cubeide_2.1.1/plugins/com.st.stm32cube.ide.mcu.externaltools.gnu-tools-for-stm32.14.3.rel1.linux64_1.0.100.202602081740/tools/bin/../lib/gcc/arm-none-eabi/14.3.1/../../../../arm-none-eabi/lib/thumb/v6-m/nofp/libc_nano.a(libc_a-memcpy-stub.o)
                0x08005b8a                memcpy
 .text.abort    0x08005b9c        0xe /opt/st/stm32cubeide_2.1.1/plugins/com.st.stm32cube.ide.mcu.externaltools.gnu-tools-for-stm32.14.3.rel1.linux64_1.0.100.202602081740/tools/bin/../lib/gcc/arm-none-eabi/14.3.1/../../../../arm-none-eabi/lib/thumb/v6-m/nofp/libc_nano.a(libc_a-abort.o)
                0x08005b9c                abort
 *fill*         0x08005baa        0x2 
 .text._free_r  0x08005bac       0x94 /opt/st/stm32cubeide_2.1.1/plugins/com.st.stm32cube.ide.mcu.externaltools.gnu-tools-for-stm32.14.3.rel1.linux64_1.0.100.202602081740/tools/bin/../lib/gcc/arm-none-eabi/14.3.1/../../../../arm-none-eabi/lib/thumb/v6-m/nofp/libc_nano.a(libc_a-freer.o)
                0x08005bac                _free_r
 .text.__sfputc_r
                0x08005c40       0x2a /opt/st/stm32cubeide_2.1.1/plugins/com.st.stm32cube.ide.mcu.externaltools.gnu-tools-for-stm32.14.3.rel1.linux64_1.0.100.202602081740/tools/bin/../lib/gcc/arm-none-eabi/14.3.1/../../../../arm-none-eabi/lib/thumb/v6-m/nofp/libc_nano.a(libc_a-nano-vfprintf.o)
 .text.__sfputs_r
                0x08005c6a       0x24 /opt/st/stm32cubeide_2.1.1/plugins/com.st.stm32cube.ide.mcu.externaltools.gnu-tools-for-stm32.14.3.rel1.linux64_1.0.100.202602081740/tools/bin/../lib/gcc/arm-none-eabi/14.3.1/../../../../arm-none-eabi/lib/thumb/v6-m/nofp/libc_nano.a(libc_a-nano-vfprintf.o)
                0x08005c6a                __sfputs_r
 *fill*         0x08005c8e        0x2 
 .text._vfprintf_r
                0x08005c90      0x230 /opt/st/stm32cubeide_2.1.1/plugins/com.st.stm32cube.ide.mcu.externaltools.gnu-tools-for-stm32.14.3.rel1.linux64_1.0.100.202602081740/tools/bin/../lib/gcc/arm-none-eabi/14.3.1/../../../../arm-none-eabi/lib/thumb/v6-m/nofp/libc_nano.a(libc_a-nano-vfprintf.o)
                0x08005c90                _vfiprintf_r
                0x08005c90                _vfprintf_r
 .text._printf_common
                0x08005ec0       0xde /opt/st/stm32cubeide_2.1.1/plugins/com.st.stm32cube.ide.mcu.externaltools.gnu-tools-for-stm32.14.3.rel1.linux64_1.0.100.202602081740/tools/bin/../lib/gcc/arm-none-eabi/14.3.1/../../../../arm-none-eabi/lib/thumb/v6-m/nofp/libc_nano.a(libc_a-nano-vfprintf_i.o)
                0x08005ec0                _printf_common
 *fill*         0x08005f9e        0x2 
 .text._printf_i
                0x08005fa0      0x218 /opt/st/stm32cubeide_2.1.1/plugins/com.st.stm32cube.ide.mcu.externaltools.gnu-tools-for-stm32.14.3.rel1.linux64_1.0.100.202602081740/tools/bin/../lib/gcc/arm-none-eabi/14.3.1/../../../../arm-none-eabi/lib/thumb/v6-m/nofp/libc_nano.a(libc_a-nano-vfprintf_i.o)
                0x08005fa0                _printf_i
 .text.__sflush_r
                0x080061b8      0x114 /opt/st/stm32cubeide_2.1.1/plugins/com.st.stm32cube.ide.mcu.externaltools.gnu-tools-for-stm32.14.3.rel1.linux64_1.0.100.202602081740/tools/bin/../lib/gcc/arm-none-eabi/14.3.1/../../../../arm-none-eabi/lib/thumb/v6-m/nofp/libc_nano.a(libc_a-fflush.o)
                0x080061b8                __sflush_r
 .text._fflush_r
                0x080062cc       0x56 /opt/st/stm32cubeide_2.1.1/plugins/com.st.stm32cube.ide.mcu.externaltools.gnu-tools-for-stm32.14.3.rel1.linux64_1.0.100.202602081740/tools/bin/../lib/gcc/arm-none-eabi/14.3.1/../../../../arm-none-eabi/lib/thumb/v6-m/nofp/libc_nano.a(libc_a-fflush.o)
                0x080062cc                _fflush_r
 .text.__swbuf_r
                0x08006322       0x84 /opt/st/stm32cubeide_2.1.1/plugins/com.st.stm32cube.ide.mcu.externaltools.gnu-tools-for-stm32.14.3.rel1.linux64_1.0.100.202602081740/tools/bin/../lib/gcc/arm-none-eabi/14.3.1/../../../../arm-none-eabi/lib/thumb/v6-m/nofp/libc_nano.a(libc_a-wbuf.o)
                0x08006322                __swbuf_r
 *fill*         0x080063a6        0x2 
 .text.__swsetup_r
                0x080063a8       0xb4 /opt/st/stm32cubeide_2.1.1/plugins/com.st.stm32cube.ide.mcu.externaltools.gnu-tools-for-stm32.14.3.rel1.linux64_1.0.100.202602081740/tools/bin/../lib/gcc/arm-none-eabi/14.3.1/../../../../arm-none-eabi/lib/thumb/v6-m/nofp/libc_nano.a(libc_a-wsetup.o)
                0x080063a8                __swsetup_r
 .text._raise_r
                0x0800645c       0x52 /opt/st/stm32cubeide_2.1.1/plugins/com.st.stm32cube.ide.mcu.externaltools.gnu-tools-for-stm32.14.3.rel1.linux64_1.0.100.202602081740/tools/bin/../lib/gcc/arm-none-eabi/14.3.1/../../../../arm-none-eabi/lib/thumb/v6-m/nofp/libc_nano.a(libc_a-signal.o)
                0x0800645c                _raise_r
 *fill*         0x080064ae        0x2 
 .text.raise    0x080064b0       0x14 /opt/st/stm32cubeide_2.1.1/plugins/com.st.stm32cube.ide.mcu.externaltools.gnu-tools-for-stm32.14.3.rel1.linux64_1.0.100.202602081740/tools/bin/../lib/gcc/arm-none-eabi/14.3.1/../../../../arm-none-eabi/lib/thumb/v6-m/nofp/libc_nano.a(libc_a-signal.o)
                0x080064b0                raise
 .text._kill_r  0x080064c4       0x24 /opt/st/stm32cubeide_2.1.1/plugins/com.st.stm32cube.ide.mcu.externaltools.gnu-tools-for-stm32.14.3.rel1.linux64_1.0.100.202602081740/tools/bin/../lib/gcc/arm-none-eabi/14.3.1/../../../../arm-none-eabi/lib/thumb/v6-m/nofp/libc_nano.a(libc_a-signalr.o)
                0x080064c4                _kill_r
 .text._getpid_r
                0x080064e8        0x8 /opt/st/stm32cubeide_2.1.1/plugins/com.st.stm32cube.ide.mcu.externaltools.gnu-tools-for-stm32.14.3.rel1.linux64_1.0.100.202602081740/tools/bin/../lib/gcc/arm-none-eabi/14.3.1/../../../../arm-none-eabi/lib/thumb/v6-m/nofp/libc_nano.a(libc_a-signalr.o)
                0x080064e8                _getpid_r
 .text.memchr   0x080064f0       0x16 /opt/st/stm32cubeide_2.1.1/plugins/com.st.stm32cube.ide.mcu.externaltools.gnu-tools-for-stm32.14.3.rel1.linux64_1.0.100.202602081740/tools/bin/../lib/gcc/arm-none-eabi/14.3.1/../../../../arm-none-eabi/lib/thumb/v6-m/nofp/libc_nano.a(libc_a-memchr-stub.o)
                0x080064f0                memchr
 *fill*         0x08006506        0x2 
 .text.__swhatbuf_r
                0x08006508       0x54 /opt/st/stm32cubeide_2.1.1/plugins/com.st.stm32cube.ide.mcu.externaltools.gnu-tools-for-stm32.14.3.rel1.linux64_1.0.100.202602081740/tools/bin/../lib/gcc/arm-none-eabi/14.3.1/../../../../arm-none-eabi/lib/thumb/v6-m/nofp/libc_nano.a(libc_a-makebuf.o)
                0x08006508                __swhatbuf_r
 .text.__smakebuf_r
                0x0800655c       0x72 /opt/st/stm32cubeide_2.1.1/plugins/com.st.stm32cube.ide.mcu.externaltools.gnu-tools-for-stm32.14.3.rel1.linux64_1.0.100.202602081740/tools/bin/../lib/gcc/arm-none-eabi/14.3.1/../../../../arm-none-eabi/lib/thumb/v6-m/nofp/libc_nano.a(libc_a-makebuf.o)
                0x0800655c                __smakebuf_r
 *fill*         0x080065ce        0x2 
 .text._fstat_r
                0x080065d0       0x24 /opt/st/stm32cubeide_2.1.1/plugins/com.st.stm32cube.ide.mcu.externaltools.gnu-tools-for-stm32.14.3.rel1.linux64_1.0.100.202602081740/tools/bin/../lib/gcc/arm-none-eabi/14.3.1/../../../../arm-none-eabi/lib/thumb/v6-m/nofp/libc_nano.a(libc_a-fstatr.o)
                0x080065d0                _fstat_r
 .text._isatty_r
                0x080065f4       0x24 /opt/st/stm32cubeide_2.1.1/plugins/com.st.stm32cube.ide.mcu.externaltools.gnu-tools-for-stm32.14.3.rel1.linux64_1.0.100.202602081740/tools/bin/../lib/gcc/arm-none-eabi/14.3.1/../../../../arm-none-eabi/lib/thumb/v6-m/nofp/libc_nano.a(libc_a-isattyr.o)
                0x080065f4                _isatty_r
 *(.glue_7)
 .glue_7        0x08006618        0x0 linker stubs
 *(.glue_7t)
 .glue_7t       0x08006618        0x0 linker stubs
 *(.eh_frame)
 .eh_frame      0x08006618        0x0 /opt/st/stm32cubeide_2.1.1/plugins/com.st.stm32cube.ide.mcu.externaltools.gnu-tools-for-stm32.14.3.rel1.linux64_1.0.100.202602081740/tools/bin/../lib/gcc/arm-none-eabi/14.3.1/thumb/v6-m/nofp/crtbegin.o
 *(.init)
 .init          0x08006618        0x4 /opt/st/stm32cubeide_2.1.1/plugins/com.st.stm32cube.ide.mcu.externaltools.gnu-tools-for-stm32.14.3.rel1.linux64_1.0.100.202602081740/tools/bin/../lib/gcc/arm-none-eabi/14.3.1/thumb/v6-m/nofp/crti.o
                0x08006618                _init
 .init          0x0800661c        0x8 /opt/st/stm32cubeide_2.1.1/plugins/com.st.stm32cube.ide.mcu.externaltools.gnu-tools-for-stm32.14.3.rel1.linux64_1.0.100.202602081740/tools/bin/../lib/gcc/arm-none-eabi/14.3.1/thumb/v6-m/nofp/crtn.o
 *(.fini)
 .fini          0x08006624        0x4 /opt/st/stm32cubeide_2.1.1/plugins/com.st.stm32cube.ide.mcu.externaltools.gnu-tools-for-stm32.14.3.rel1.linux64_1.0.100.202602081740/tools/bin/../lib/gcc/arm-none-eabi/14.3.1/thumb/v6-m/nofp/crti.o
                0x08006624                _fini
 .fini          0x08006628        0x8 /opt/st/stm32cubeide_2.1.1/plugins/com.st.stm32cube.ide.mcu.externaltools.gnu-tools-for-stm32.14.3.rel1.linux64_1.0.100.202602081740/tools/bin/../lib/gcc/arm-none-eabi/14.3.1/thumb/v6-m/nofp/crtn.o
                0x08006630                        . = ALIGN (0x4)
                0x08006630                        _etext = .

.vfp11_veneer   0x08006630        0x0
 .vfp11_veneer  0x08006630        0x0 linker stubs

.v4_bx          0x08006630        0x0
 .v4_bx         0x08006630        0x0 linker stubs

.iplt           0x08006630        0x0
 .iplt          0x08006630        0x0 /opt/st/stm32cubeide_2.1.1/plugins/com.st.stm32cube.ide.mcu.externaltools.gnu-tools-for-stm32.14.3.rel1.linux64_1.0.100.202602081740/tools/bin/../lib/gcc/arm-none-eabi/14.3.1/thumb/v6-m/nofp/crtbegin.o

.rodata         0x08006630      0xeb4
                0x08006630                        . = ALIGN (0x4)
 *(.rodata)
 .rodata        0x08006630       0x18 ./Middlewares/Third_party/LittleFS/lfs.o
 *(.rodata*)
 .rodata.supported_devices
                0x08006648       0x3c ./Components/Flash/Core/flash_high_api.o
 .rodata.main.str1.1
                0x08006684      0xcc0 ./Core/Src/main.o
                                  0xf (size before relaxing)
 .rodata.AHBPrescTable
                0x08007344       0x40 ./Core/Src/system_stm32g0xx.o
                0x08007344                AHBPrescTable
 .rodata.lfs_bd_read.str1.1
                0x08007384       0x61 ./Middlewares/Third_party/LittleFS/lfs.o
 .rodata.lfs_path_islast.str1.1
                0x08007384        0x2 ./Middlewares/Third_party/LittleFS/lfs.o
 .rodata.lfs_bd_erase.str1.1
                0x08007384       0x19 ./Middlewares/Third_party/LittleFS/lfs.o
 .rodata.lfs_dir_traverse.constprop.0.str1.1
                0x08007384        0x7 ./Middlewares/Third_party/LittleFS/lfs.o
 .rodata.lfs_dir_fetchmatch.str1.1
                0x08007384       0x48 ./Middlewares/Third_party/LittleFS/lfs.o
 .rodata.lfs_dir_find.str1.1
                0x08007384        0x3 ./Middlewares/Third_party/LittleFS/lfs.o
 .rodata.lfs_fs_preporphans.isra.0.str1.1
                0x08007384       0x6c ./Middlewares/Third_party/LittleFS/lfs.o
 .rodata.lfs_init.str1.1
                0x08007384      0x501 ./Middlewares/Third_party/LittleFS/lfs.o
 .rodata.lfs_bd_flush.str1.1
                0x08007384       0x21 ./Middlewares/Third_party/LittleFS/lfs.o
 .rodata.lfs_bd_prog.str1.1
                0x08007384       0x7d ./Middlewares/Third_party/LittleFS/lfs.o
 .rodata.lfs_tortoise_detectcycles.str1.1
                0x08007384       0x2b ./Middlewares/Third_party/LittleFS/lfs.o
 .rodata.lfs_alloc.str1.1
                0x08007384       0x29 ./Middlewares/Third_party/LittleFS/lfs.o
 .rodata.lfs_file_relocate.str1.1
                0x08007384       0x23 ./Middlewares/Third_party/LittleFS/lfs.o
 .rodata.lfs_dir_compact.str1.1
                0x08007384       0x5c ./Middlewares/Third_party/LittleFS/lfs.o
 .rodata.lfs_dir_relocatingcommit.str1.1
                0x08007384       0x9d ./Middlewares/Third_party/LittleFS/lfs.o
 .rodata.lfs_dir_orphaningcommit.str1.1
                0x08007384       0xa4 ./Middlewares/Third_party/LittleFS/lfs.o
 .rodata.lfs_fs_deorphan.str1.1
                0x08007384       0xb8 ./Middlewares/Third_party/LittleFS/lfs.o
 .rodata.lfs_fs_forceconsistency.str1.1
                0x08007384       0x96 ./Middlewares/Third_party/LittleFS/lfs.o
 .rodata.lfs_format.str1.1
                0x08007384       0x1f ./Middlewares/Third_party/LittleFS/lfs.o
 .rodata.lfs_mount.str1.1
                0x08007384      0x19e ./Middlewares/Third_party/LittleFS/lfs.o
 .rodata.lfs_file_open.str1.1
                0x08007384       0x37 ./Middlewares/Third_party/LittleFS/lfs.o
 .rodata.lfs_file_close.str1.1
                0x08007384       0x36 ./Middlewares/Third_party/LittleFS/lfs.o
 .rodata.lfs_file_read.str1.1
                0x08007384       0x2d ./Middlewares/Third_party/LittleFS/lfs.o
 .rodata.__func__.9
                0x08007384        0xf ./Middlewares/Third_party/LittleFS/lfs.o
 .rodata.__func__.10
                0x08007393        0xe ./Middlewares/Third_party/LittleFS/lfs.o
 .rodata.__func__.12
                0x080073a1        0xf ./Middlewares/Third_party/LittleFS/lfs.o
 .rodata.defaults.14
                0x080073b0        0xc ./Middlewares/Third_party/LittleFS/lfs.o
 .rodata.__func__.15
                0x080073bc        0xe ./Middlewares/Third_party/LittleFS/lfs.o
 .rodata.__func__.17
                0x080073ca        0xe ./Middlewares/Third_party/LittleFS/lfs.o
 .rodata.__func__.19
                0x080073d8       0x10 ./Middlewares/Third_party/LittleFS/lfs.o
 .rodata.__func__.20
                0x080073e8        0xc ./Middlewares/Third_party/LittleFS/lfs.o
 .rodata.__func__.21
                0x080073f4       0x11 ./Middlewares/Third_party/LittleFS/lfs.o
 .rodata.__func__.22
                0x08007405       0x19 ./Middlewares/Third_party/LittleFS/lfs.o
 .rodata.__func__.23
                0x0800741e       0x13 ./Middlewares/Third_party/LittleFS/lfs.o
 .rodata.__func__.24
                0x08007431       0x13 ./Middlewares/Third_party/LittleFS/lfs.o
 .rodata.__func__.25
                0x08007444        0xd ./Middlewares/Third_party/LittleFS/lfs.o
 .rodata.__func__.26
                0x08007451        0xc ./Middlewares/Third_party/LittleFS/lfs.o
 .rodata.__func__.27
                0x0800745d        0xd ./Middlewares/Third_party/LittleFS/lfs.o
 .rodata.__func__.28
                0x0800746a       0x18 ./Middlewares/Third_party/LittleFS/lfs.o
 .rodata.__func__.29
                0x08007482        0xc ./Middlewares/Third_party/LittleFS/lfs.o
 .rodata.__func__.31
                0x0800748e        0x9 ./Middlewares/Third_party/LittleFS/lfs.o
 .rodata.__func__.32
                0x08007497        0xc ./Middlewares/Third_party/LittleFS/lfs.o
 *fill*         0x080074a3        0x1 
 .rodata.rtable.0
                0x080074a4       0x40 ./Middlewares/Third_party/LittleFS/lfs_util.o
 .rodata.__assert_func.str1.1
                0x080074e4       0x3d /opt/st/stm32cubeide_2.1.1/plugins/com.st.stm32cube.ide.mcu.externaltools.gnu-tools-for-stm32.14.3.rel1.linux64_1.0.100.202602081740/tools/bin/../lib/gcc/arm-none-eabi/14.3.1/../../../../arm-none-eabi/lib/thumb/v6-m/nofp/libc_nano.a(libc_a-assert.o)
 .rodata._vfprintf_r.str1.1
                0x080074e4       0x11 /opt/st/stm32cubeide_2.1.1/plugins/com.st.stm32cube.ide.mcu.externaltools.gnu-tools-for-stm32.14.3.rel1.linux64_1.0.100.202602081740/tools/bin/../lib/gcc/arm-none-eabi/14.3.1/../../../../arm-none-eabi/lib/thumb/v6-m/nofp/libc_nano.a(libc_a-nano-vfprintf.o)
 .rodata._printf_i.str1.1
                0x080074e4       0x22 /opt/st/stm32cubeide_2.1.1/plugins/com.st.stm32cube.ide.mcu.externaltools.gnu-tools-for-stm32.14.3.rel1.linux64_1.0.100.202602081740/tools/bin/../lib/gcc/arm-none-eabi/14.3.1/../../../../arm-none-eabi/lib/thumb/v6-m/nofp/libc_nano.a(libc_a-nano-vfprintf_i.o)
                0x08007524                        . = ALIGN (0x4)

.ARM.extab      0x080074e4        0x0
                0x080074e4                        . = ALIGN (0x4)
 *(.ARM.extab* .gnu.linkonce.armextab.*)
                0x080074e4                        . = ALIGN (0x4)

.ARM            0x080074e4        0x0
                0x080074e4                        . = ALIGN (0x4)
                0x080074e4                        __exidx_start = .
 *(.ARM.exidx*)
                0x080074e4                        __exidx_end = .
                0x080074e4                        . = ALIGN (0x4)

.preinit_array  0x080074e4        0x0
                0x080074e4                        . = ALIGN (0x4)
                0x080074e4                        PROVIDE (__preinit_array_start = .)
 *(.preinit_array*)
                0x080074e4                        PROVIDE (__preinit_array_end = .)
                0x080074e4                        . = ALIGN (0x4)

.init_array     0x080074e4        0x4
                0x080074e4                        . = ALIGN (0x4)
                0x080074e4                        PROVIDE (__init_array_start = .)
 *(SORT_BY_NAME(.init_array.*))
 *(.init_array*)
 .init_array    0x080074e4        0x4 /opt/st/stm32cubeide_2.1.1/plugins/com.st.stm32cube.ide.mcu.externaltools.gnu-tools-for-stm32.14.3.rel1.linux64_1.0.100.202602081740/tools/bin/../lib/gcc/arm-none-eabi/14.3.1/thumb/v6-m/nofp/crtbegin.o
                0x080074e8                        PROVIDE (__init_array_end = .)
                0x080074e8                        . = ALIGN (0x4)

.fini_array     0x080074e8        0x4
                0x080074e8                        . = ALIGN (0x4)
                [!provide]                        PROVIDE (__fini_array_start = .)
 *(SORT_BY_NAME(.fini_array.*))
 *(.fini_array*)
 .fini_array    0x080074e8        0x4 /opt/st/stm32cubeide_2.1.1/plugins/com.st.stm32cube.ide.mcu.externaltools.gnu-tools-for-stm32.14.3.rel1.linux64_1.0.100.202602081740/tools/bin/../lib/gcc/arm-none-eabi/14.3.1/thumb/v6-m/nofp/crtbegin.o
                [!provide]                        PROVIDE (__fini_array_end = .)
                0x080074ec                        . = ALIGN (0x4)
                0x080074ec                        _sidata = LOADADDR (.data)

.rel.dyn        0x080074ec        0x0
 .rel.iplt      0x080074ec        0x0 /opt/st/stm32cubeide_2.1.1/plugins/com.st.stm32cube.ide.mcu.externaltools.gnu-tools-for-stm32.14.3.rel1.linux64_1.0.100.202602081740/tools/bin/../lib/gcc/arm-none-eabi/14.3.1/thumb/v6-m/nofp/crtbegin.o

.data           0x20000000       0x68 load address 0x080074ec
                0x20000000                        . = ALIGN (0x4)
                0x20000000                        _sdata = .
 *(.data)
 *(.data*)
 .data.SystemCoreClock
                0x20000000        0x4 ./Core/Src/system_stm32g0xx.o
                0x20000000                SystemCoreClock
 .data.uwTickFreq
                0x20000004        0x1 ./Drivers/STM32G0xx_HAL_Driver/Src/stm32g0xx_hal.o
                0x20000004                uwTickFreq
 *fill*         0x20000005        0x3 
 .data.uwTickPrio
                0x20000008        0x4 ./Drivers/STM32G0xx_HAL_Driver/Src/stm32g0xx_hal.o
                0x20000008                uwTickPrio
 .data.__sglue  0x2000000c        0xc /opt/st/stm32cubeide_2.1.1/plugins/com.st.stm32cube.ide.mcu.externaltools.gnu-tools-for-stm32.14.3.rel1.linux64_1.0.100.202602081740/tools/bin/../lib/gcc/arm-none-eabi/14.3.1/../../../../arm-none-eabi/lib/thumb/v6-m/nofp/libc_nano.a(libc_a-findfp.o)
                0x2000000c                __sglue
 .data._impure_ptr
                0x20000018        0x4 /opt/st/stm32cubeide_2.1.1/plugins/com.st.stm32cube.ide.mcu.externaltools.gnu-tools-for-stm32.14.3.rel1.linux64_1.0.100.202602081740/tools/bin/../lib/gcc/arm-none-eabi/14.3.1/../../../../arm-none-eabi/lib/thumb/v6-m/nofp/libc_nano.a(libc_a-impure.o)
                0x20000018                _impure_ptr
 .data._impure_data
                0x2000001c       0x4c /opt/st/stm32cubeide_2.1.1/plugins/com.st.stm32cube.ide.mcu.externaltools.gnu-tools-for-stm32.14.3.rel1.linux64_1.0.100.202602081740/tools/bin/../lib/gcc/arm-none-eabi/14.3.1/../../../../arm-none-eabi/lib/thumb/v6-m/nofp/libc_nano.a(libc_a-impure.o)
                0x2000001c                _impure_data
 *(.RamFunc)
 *(.RamFunc*)
                0x20000068                        . = ALIGN (0x4)
                0x20000068                        _edata = .

.igot.plt       0x20000068        0x0 load address 0x08007554
 .igot.plt      0x20000068        0x0 /opt/st/stm32cubeide_2.1.1/plugins/com.st.stm32cube.ide.mcu.externaltools.gnu-tools-for-stm32.14.3.rel1.linux64_1.0.100.202602081740/tools/bin/../lib/gcc/arm-none-eabi/14.3.1/thumb/v6-m/nofp/crtbegin.o
                0x20000068                        . = ALIGN (0x4)

.bss            0x20000068      0x340 load address 0x08007554
                0x20000068                        _sbss = .
                0x20000068                        __bss_start__ = _sbss
 *(.bss)
 .bss           0x20000068       0x1c /opt/st/stm32cubeide_2.1.1/plugins/com.st.stm32cube.ide.mcu.externaltools.gnu-tools-for-stm32.14.3.rel1.linux64_1.0.100.202602081740/tools/bin/../lib/gcc/arm-none-eabi/14.3.1/thumb/v6-m/nofp/crtbegin.o
 *(.bss*)
 .bss.lfs_cfg   0x20000084       0x54 ./Components/Filesystem/lfs_port.o
                0x20000084                lfs_cfg
 .bss.device_count
                0x200000d8        0x1 ./Components/Flash/Core/flash_high_api.o
 *fill*         0x200000d9        0x3 
 .bss.flash_entity
                0x200000dc       0x3c ./Components/Flash/Core/flash_high_api.o
 .bss.my_flash  0x20000118        0x4 ./Core/Src/main.o
                0x20000118                my_flash
 .bss.file      0x2000011c       0x54 ./Core/Src/main.o
                0x2000011c                file
 .bss.lfs       0x20000170       0x80 ./Core/Src/main.o
                0x20000170                lfs
 .bss.hspi1     0x200001f0       0x64 ./Core/Src/main.o
                0x200001f0                hspi1
 .bss.__sbrk_heap_end
                0x20000254        0x4 ./Core/Src/sysmem.o
 .bss.uwTick    0x20000258        0x4 ./Drivers/STM32G0xx_HAL_Driver/Src/stm32g0xx_hal.o
                0x20000258                uwTick
 .bss.__malloc_sbrk_start
                0x2000025c        0x4 /opt/st/stm32cubeide_2.1.1/plugins/com.st.stm32cube.ide.mcu.externaltools.gnu-tools-for-stm32.14.3.rel1.linux64_1.0.100.202602081740/tools/bin/../lib/gcc/arm-none-eabi/14.3.1/../../../../arm-none-eabi/lib/thumb/v6-m/nofp/libc_nano.a(libc_a-mallocr.o)
                0x2000025c                __malloc_sbrk_start
 .bss.__malloc_free_list
                0x20000260        0x4 /opt/st/stm32cubeide_2.1.1/plugins/com.st.stm32cube.ide.mcu.externaltools.gnu-tools-for-stm32.14.3.rel1.linux64_1.0.100.202602081740/tools/bin/../lib/gcc/arm-none-eabi/14.3.1/../../../../arm-none-eabi/lib/thumb/v6-m/nofp/libc_nano.a(libc_a-mallocr.o)
                0x20000260                __malloc_free_list
 .bss.__sf      0x20000264      0x138 /opt/st/stm32cubeide_2.1.1/plugins/com.st.stm32cube.ide.mcu.externaltools.gnu-tools-for-stm32.14.3.rel1.linux64_1.0.100.202602081740/tools/bin/../lib/gcc/arm-none-eabi/14.3.1/../../../../arm-none-eabi/lib/thumb/v6-m/nofp/libc_nano.a(libc_a-findfp.o)
                0x20000264                __sf
 .bss.__stdio_exit_handler
                0x2000039c        0x4 /opt/st/stm32cubeide_2.1.1/plugins/com.st.stm32cube.ide.mcu.externaltools.gnu-tools-for-stm32.14.3.rel1.linux64_1.0.100.202602081740/tools/bin/../lib/gcc/arm-none-eabi/14.3.1/../../../../arm-none-eabi/lib/thumb/v6-m/nofp/libc_nano.a(libc_a-findfp.o)
                0x2000039c                __stdio_exit_handler
 .bss.errno     0x200003a0        0x4 /opt/st/stm32cubeide_2.1.1/plugins/com.st.stm32cube.ide.mcu.externaltools.gnu-tools-for-stm32.14.3.rel1.linux64_1.0.100.202602081740/tools/bin/../lib/gcc/arm-none-eabi/14.3.1/../../../../arm-none-eabi/lib/thumb/v6-m/nofp/libc_nano.a(libc_a-reent.o)
                0x200003a0                errno
 .bss.__lock___malloc_recursive_mutex
                0x200003a4        0x1 /opt/st/stm32cubeide_2.1.1/plugins/com.st.stm32cube.ide.mcu.externaltools.gnu-tools-for-stm32.14.3.rel1.linux64_1.0.100.202602081740/tools/bin/../lib/gcc/arm-none-eabi/14.3.1/../../../../arm-none-eabi/lib/thumb/v6-m/nofp/libc_nano.a(libc_a-lock.o)
                0x200003a4                __lock___malloc_recursive_mutex
 .bss.__lock___sfp_recursive_mutex
                0x200003a5        0x1 /opt/st/stm32cubeide_2.1.1/plugins/com.st.stm32cube.ide.mcu.externaltools.gnu-tools-for-stm32.14.3.rel1.linux64_1.0.100.202602081740/tools/bin/../lib/gcc/arm-none-eabi/14.3.1/../../../../arm-none-eabi/lib/thumb/v6-m/nofp/libc_nano.a(libc_a-lock.o)
                0x200003a5                __lock___sfp_recursive_mutex
 *(COMMON)
                0x200003a8                        . = ALIGN (0x4)
 *fill*         0x200003a6        0x2 
                0x200003a8                        _ebss = .
                0x200003a8                        __bss_end__ = _ebss

._user_heap_stack
                0x200003a8      0x600 load address 0x08007554
                0x200003a8                        . = ALIGN (0x8)
                [!provide]                        PROVIDE (end = .)
                0x200003a8                        PROVIDE (_end = .)
                0x200005a8                        . = (. + _Min_Heap_Size)
 *fill*         0x200003a8      0x200 
                0x200009a8                        . = (. + _Min_Stack_Size)
 *fill*         0x200005a8      0x400 
                0x200009a8                        . = ALIGN (0x8)

/DISCARD/
 libc.a(*)
 libm.a(*)
 libgcc.a(*)

.ARM.attributes
                0x00000000       0x28
 *(.ARM.attributes)
 .ARM.attributes
                0x00000000       0x1e /opt/st/stm32cubeide_2.1.1/plugins/com.st.stm32cube.ide.mcu.externaltools.gnu-tools-for-stm32.14.3.rel1.linux64_1.0.100.202602081740/tools/bin/../lib/gcc/arm-none-eabi/14.3.1/thumb/v6-m/nofp/crti.o
 .ARM.attributes
                0x0000001e       0x2c /opt/st/stm32cubeide_2.1.1/plugins/com.st.stm32cube.ide.mcu.externaltools.gnu-tools-for-stm32.14.3.rel1.linux64_1.0.100.202602081740/tools/bin/../lib/gcc/arm-none-eabi/14.3.1/thumb/v6-m/nofp/crtbegin.o
 .ARM.attributes
                0x0000004a       0x2c ./Components/Filesystem/lfs_port.o
 .ARM.attributes
                0x00000076       0x2c ./Components/Flash/Core/flash_high_api.o
 .ARM.attributes
                0x000000a2       0x2c ./Components/Flash/Core/flash_low_api.o
 .ARM.attributes
                0x000000ce       0x2c ./Core/Src/main.o
 .ARM.attributes
                0x000000fa       0x2c ./Core/Src/stm32g0xx_hal_msp.o
 .ARM.attributes
                0x00000126       0x2c ./Core/Src/stm32g0xx_it.o
 .ARM.attributes
                0x00000152       0x2c ./Core/Src/syscalls.o
 .ARM.attributes
                0x0000017e       0x2c ./Core/Src/sysmem.o
 .ARM.attributes
                0x000001aa       0x2c ./Core/Src/system_stm32g0xx.o
 .ARM.attributes
                0x000001d6       0x22 ./Core/Startup/startup_stm32g030f6px.o
 .ARM.attributes
                0x000001f8       0x2c ./Drivers/STM32G0xx_HAL_Driver/Src/stm32g0xx_hal.o
 .ARM.attributes
                0x00000224       0x2c ./Drivers/STM32G0xx_HAL_Driver/Src/stm32g0xx_hal_cortex.o
 .ARM.attributes
                0x00000250       0x2c ./Drivers/STM32G0xx_HAL_Driver/Src/stm32g0xx_hal_gpio.o
 .ARM.attributes
                0x0000027c       0x2c ./Drivers/STM32G0xx_HAL_Driver/Src/stm32g0xx_hal_pwr_ex.o
 .ARM.attributes
                0x000002a8       0x2c ./Drivers/STM32G0xx_HAL_Driver/Src/stm32g0xx_hal_rcc.o
 .ARM.attributes
                0x000002d4       0x2c ./Drivers/STM32G0xx_HAL_Driver/Src/stm32g0xx_hal_spi.o
 .ARM.attributes
                0x00000300       0x2c ./Middlewares/Third_party/LittleFS/lfs.o
 .ARM.attributes
                0x0000032c       0x2c ./Middlewares/Third_party/LittleFS/lfs_util.o
 .ARM.attributes
                0x00000358       0x2c /opt/st/stm32cubeide_2.1.1/plugins/com.st.stm32cube.ide.mcu.externaltools.gnu-tools-for-stm32.14.3.rel1.linux64_1.0.100.202602081740/tools/bin/../lib/gcc/arm-none-eabi/14.3.1/../../../../arm-none-eabi/lib/thumb/v6-m/nofp/libc_nano.a(libc_a-assert.o)
 .ARM.attributes
                0x00000384       0x2c /opt/st/stm32cubeide_2.1.1/plugins/com.st.stm32cube.ide.mcu.externaltools.gnu-tools-for-stm32.14.3.rel1.linux64_1.0.100.202602081740/tools/bin/../lib/gcc/arm-none-eabi/14.3.1/../../../../arm-none-eabi/lib/thumb/v6-m/nofp/libc_nano.a(libc_a-malloc.o)
 .ARM.attributes
                0x000003b0       0x2c /opt/st/stm32cubeide_2.1.1/plugins/com.st.stm32cube.ide.mcu.externaltools.gnu-tools-for-stm32.14.3.rel1.linux64_1.0.100.202602081740/tools/bin/../lib/gcc/arm-none-eabi/14.3.1/../../../../arm-none-eabi/lib/thumb/v6-m/nofp/libc_nano.a(libc_a-mallocr.o)
 .ARM.attributes
                0x000003dc       0x2c /opt/st/stm32cubeide_2.1.1/plugins/com.st.stm32cube.ide.mcu.externaltools.gnu-tools-for-stm32.14.3.rel1.linux64_1.0.100.202602081740/tools/bin/../lib/gcc/arm-none-eabi/14.3.1/../../../../arm-none-eabi/lib/thumb/v6-m/nofp/libc_nano.a(libc_a-mlock.o)
 .ARM.attributes
                0x00000408       0x2c /opt/st/stm32cubeide_2.1.1/plugins/com.st.stm32cube.ide.mcu.externaltools.gnu-tools-for-stm32.14.3.rel1.linux64_1.0.100.202602081740/tools/bin/../lib/gcc/arm-none-eabi/14.3.1/../../../../arm-none-eabi/lib/thumb/v6-m/nofp/libc_nano.a(libc_a-findfp.o)
 .ARM.attributes
                0x00000434       0x2c /opt/st/stm32cubeide_2.1.1/plugins/com.st.stm32cube.ide.mcu.externaltools.gnu-tools-for-stm32.14.3.rel1.linux64_1.0.100.202602081740/tools/bin/../lib/gcc/arm-none-eabi/14.3.1/../../../../arm-none-eabi/lib/thumb/v6-m/nofp/libc_nano.a(libc_a-fprintf.o)
 .ARM.attributes
                0x00000460       0x2c /opt/st/stm32cubeide_2.1.1/plugins/com.st.stm32cube.ide.mcu.externaltools.gnu-tools-for-stm32.14.3.rel1.linux64_1.0.100.202602081740/tools/bin/../lib/gcc/arm-none-eabi/14.3.1/../../../../arm-none-eabi/lib/thumb/v6-m/nofp/libc_nano.a(libc_a-fwalk.o)
 .ARM.attributes
                0x0000048c       0x2c /opt/st/stm32cubeide_2.1.1/plugins/com.st.stm32cube.ide.mcu.externaltools.gnu-tools-for-stm32.14.3.rel1.linux64_1.0.100.202602081740/tools/bin/../lib/gcc/arm-none-eabi/14.3.1/../../../../arm-none-eabi/lib/thumb/v6-m/nofp/libc_nano.a(libc_a-printf.o)
 .ARM.attributes
                0x000004b8       0x2c /opt/st/stm32cubeide_2.1.1/plugins/com.st.stm32cube.ide.mcu.externaltools.gnu-tools-for-stm32.14.3.rel1.linux64_1.0.100.202602081740/tools/bin/../lib/gcc/arm-none-eabi/14.3.1/../../../../arm-none-eabi/lib/thumb/v6-m/nofp/libc_nano.a(libc_a-stdio.o)
 .ARM.attributes
                0x000004e4       0x2c /opt/st/stm32cubeide_2.1.1/plugins/com.st.stm32cube.ide.mcu.externaltools.gnu-tools-for-stm32.14.3.rel1.linux64_1.0.100.202602081740/tools/bin/../lib/gcc/arm-none-eabi/14.3.1/../../../../arm-none-eabi/lib/thumb/v6-m/nofp/libc_nano.a(libc_a-memcmp.o)
 .ARM.attributes
                0x00000510       0x2c /opt/st/stm32cubeide_2.1.1/plugins/com.st.stm32cube.ide.mcu.externaltools.gnu-tools-for-stm32.14.3.rel1.linux64_1.0.100.202602081740/tools/bin/../lib/gcc/arm-none-eabi/14.3.1/../../../../arm-none-eabi/lib/thumb/v6-m/nofp/libc_nano.a(libc_a-memset.o)
 .ARM.attributes
                0x0000053c       0x2c /opt/st/stm32cubeide_2.1.1/plugins/com.st.stm32cube.ide.mcu.externaltools.gnu-tools-for-stm32.14.3.rel1.linux64_1.0.100.202602081740/tools/bin/../lib/gcc/arm-none-eabi/14.3.1/../../../../arm-none-eabi/lib/thumb/v6-m/nofp/libc_nano.a(libc_a-strcspn.o)
 .ARM.attributes
                0x00000568       0x2c /opt/st/stm32cubeide_2.1.1/plugins/com.st.stm32cube.ide.mcu.externaltools.gnu-tools-for-stm32.14.3.rel1.linux64_1.0.100.202602081740/tools/bin/../lib/gcc/arm-none-eabi/14.3.1/../../../../arm-none-eabi/lib/thumb/v6-m/nofp/libc_nano.a(libc_a-strspn.o)
 .ARM.attributes
                0x00000594       0x2c /opt/st/stm32cubeide_2.1.1/plugins/com.st.stm32cube.ide.mcu.externaltools.gnu-tools-for-stm32.14.3.rel1.linux64_1.0.100.202602081740/tools/bin/../lib/gcc/arm-none-eabi/14.3.1/../../../../arm-none-eabi/lib/thumb/v6-m/nofp/libc_nano.a(libc_a-closer.o)
 .ARM.attributes
                0x000005c0       0x2c /opt/st/stm32cubeide_2.1.1/plugins/com.st.stm32cube.ide.mcu.externaltools.gnu-tools-for-stm32.14.3.rel1.linux64_1.0.100.202602081740/tools/bin/../lib/gcc/arm-none-eabi/14.3.1/../../../../arm-none-eabi/lib/thumb/v6-m/nofp/libc_nano.a(libc_a-reent.o)
 .ARM.attributes
                0x000005ec       0x2c /opt/st/stm32cubeide_2.1.1/plugins/com.st.stm32cube.ide.mcu.externaltools.gnu-tools-for-stm32.14.3.rel1.linux64_1.0.100.202602081740/tools/bin/../lib/gcc/arm-none-eabi/14.3.1/../../../../arm-none-eabi/lib/thumb/v6-m/nofp/libc_nano.a(libc_a-impure.o)
 .ARM.attributes
                0x00000618       0x2c /opt/st/stm32cubeide_2.1.1/plugins/com.st.stm32cube.ide.mcu.externaltools.gnu-tools-for-stm32.14.3.rel1.linux64_1.0.100.202602081740/tools/bin/../lib/gcc/arm-none-eabi/14.3.1/../../../../arm-none-eabi/lib/thumb/v6-m/nofp/libc_nano.a(libc_a-lseekr.o)
 .ARM.attributes
                0x00000644       0x2c /opt/st/stm32cubeide_2.1.1/plugins/com.st.stm32cube.ide.mcu.externaltools.gnu-tools-for-stm32.14.3.rel1.linux64_1.0.100.202602081740/tools/bin/../lib/gcc/arm-none-eabi/14.3.1/../../../../arm-none-eabi/lib/thumb/v6-m/nofp/libc_nano.a(libc_a-readr.o)
 .ARM.attributes
                0x00000670       0x2c /opt/st/stm32cubeide_2.1.1/plugins/com.st.stm32cube.ide.mcu.externaltools.gnu-tools-for-stm32.14.3.rel1.linux64_1.0.100.202602081740/tools/bin/../lib/gcc/arm-none-eabi/14.3.1/../../../../arm-none-eabi/lib/thumb/v6-m/nofp/libc_nano.a(libc_a-sbrkr.o)
 .ARM.attributes
                0x0000069c       0x2c /opt/st/stm32cubeide_2.1.1/plugins/com.st.stm32cube.ide.mcu.externaltools.gnu-tools-for-stm32.14.3.rel1.linux64_1.0.100.202602081740/tools/bin/../lib/gcc/arm-none-eabi/14.3.1/../../../../arm-none-eabi/lib/thumb/v6-m/nofp/libc_nano.a(libc_a-writer.o)
 .ARM.attributes
                0x000006c8       0x2c /opt/st/stm32cubeide_2.1.1/plugins/com.st.stm32cube.ide.mcu.externaltools.gnu-tools-for-stm32.14.3.rel1.linux64_1.0.100.202602081740/tools/bin/../lib/gcc/arm-none-eabi/14.3.1/../../../../arm-none-eabi/lib/thumb/v6-m/nofp/libc_nano.a(libc_a-errno.o)
 .ARM.attributes
                0x000006f4       0x2c /opt/st/stm32cubeide_2.1.1/plugins/com.st.stm32cube.ide.mcu.externaltools.gnu-tools-for-stm32.14.3.rel1.linux64_1.0.100.202602081740/tools/bin/../lib/gcc/arm-none-eabi/14.3.1/../../../../arm-none-eabi/lib/thumb/v6-m/nofp/libc_nano.a(libc_a-init.o)
 .ARM.attributes
                0x00000720       0x2c /opt/st/stm32cubeide_2.1.1/plugins/com.st.stm32cube.ide.mcu.externaltools.gnu-tools-for-stm32.14.3.rel1.linux64_1.0.100.202602081740/tools/bin/../lib/gcc/arm-none-eabi/14.3.1/../../../../arm-none-eabi/lib/thumb/v6-m/nofp/libc_nano.a(libc_a-lock.o)
 .ARM.attributes
                0x0000074c       0x2c /opt/st/stm32cubeide_2.1.1/plugins/com.st.stm32cube.ide.mcu.externaltools.gnu-tools-for-stm32.14.3.rel1.linux64_1.0.100.202602081740/tools/bin/../lib/gcc/arm-none-eabi/14.3.1/../../../../arm-none-eabi/lib/thumb/v6-m/nofp/libc_nano.a(libc_a-memcpy-stub.o)
 .ARM.attributes
                0x00000778       0x2c /opt/st/stm32cubeide_2.1.1/plugins/com.st.stm32cube.ide.mcu.externaltools.gnu-tools-for-stm32.14.3.rel1.linux64_1.0.100.202602081740/tools/bin/../lib/gcc/arm-none-eabi/14.3.1/../../../../arm-none-eabi/lib/thumb/v6-m/nofp/libc_nano.a(libc_a-abort.o)
 .ARM.attributes
                0x000007a4       0x2c /opt/st/stm32cubeide_2.1.1/plugins/com.st.stm32cube.ide.mcu.externaltools.gnu-tools-for-stm32.14.3.rel1.linux64_1.0.100.202602081740/tools/bin/../lib/gcc/arm-none-eabi/14.3.1/../../../../arm-none-eabi/lib/thumb/v6-m/nofp/libc_nano.a(libc_a-freer.o)
 .ARM.attributes
                0x000007d0       0x2c /opt/st/stm32cubeide_2.1.1/plugins/com.st.stm32cube.ide.mcu.externaltools.gnu-tools-for-stm32.14.3.rel1.linux64_1.0.100.202602081740/tools/bin/../lib/gcc/arm-none-eabi/14.3.1/../../../../arm-none-eabi/lib/thumb/v6-m/nofp/libc_nano.a(libc_a-nano-vfprintf.o)
 .ARM.attributes
                0x000007fc       0x2c /opt/st/stm32cubeide_2.1.1/plugins/com.st.stm32cube.ide.mcu.externaltools.gnu-tools-for-stm32.14.3.rel1.linux64_1.0.100.202602081740/tools/bin/../lib/gcc/arm-none-eabi/14.3.1/../../../../arm-none-eabi/lib/thumb/v6-m/nofp/libc_nano.a(libc_a-nano-vfprintf_i.o)
 .ARM.attributes
                0x00000828       0x2c /opt/st/stm32cubeide_2.1.1/plugins/com.st.stm32cube.ide.mcu.externaltools.gnu-tools-for-stm32.14.3.rel1.linux64_1.0.100.202602081740/tools/bin/../lib/gcc/arm-none-eabi/14.3.1/../../../../arm-none-eabi/lib/thumb/v6-m/nofp/libc_nano.a(libc_a-fflush.o)
 .ARM.attributes
                0x00000854       0x2c /opt/st/stm32cubeide_2.1.1/plugins/com.st.stm32cube.ide.mcu.externaltools.gnu-tools-for-stm32.14.3.rel1.linux64_1.0.100.202602081740/tools/bin/../lib/gcc/arm-none-eabi/14.3.1/../../../../arm-none-eabi/lib/thumb/v6-m/nofp/libc_nano.a(libc_a-wbuf.o)
 .ARM.attributes
                0x00000880       0x2c /opt/st/stm32cubeide_2.1.1/plugins/com.st.stm32cube.ide.mcu.externaltools.gnu-tools-for-stm32.14.3.rel1.linux64_1.0.100.202602081740/tools/bin/../lib/gcc/arm-none-eabi/14.3.1/../../../../arm-none-eabi/lib/thumb/v6-m/nofp/libc_nano.a(libc_a-wsetup.o)
 .ARM.attributes
                0x000008ac       0x2c /opt/st/stm32cubeide_2.1.1/plugins/com.st.stm32cube.ide.mcu.externaltools.gnu-tools-for-stm32.14.3.rel1.linux64_1.0.100.202602081740/tools/bin/../lib/gcc/arm-none-eabi/14.3.1/../../../../arm-none-eabi/lib/thumb/v6-m/nofp/libc_nano.a(libc_a-signal.o)
 .ARM.attributes
                0x000008d8       0x2c /opt/st/stm32cubeide_2.1.1/plugins/com.st.stm32cube.ide.mcu.externaltools.gnu-tools-for-stm32.14.3.rel1.linux64_1.0.100.202602081740/tools/bin/../lib/gcc/arm-none-eabi/14.3.1/../../../../arm-none-eabi/lib/thumb/v6-m/nofp/libc_nano.a(libc_a-signalr.o)
 .ARM.attributes
                0x00000904       0x2c /opt/st/stm32cubeide_2.1.1/plugins/com.st.stm32cube.ide.mcu.externaltools.gnu-tools-for-stm32.14.3.rel1.linux64_1.0.100.202602081740/tools/bin/../lib/gcc/arm-none-eabi/14.3.1/../../../../arm-none-eabi/lib/thumb/v6-m/nofp/libc_nano.a(libc_a-memchr-stub.o)
 .ARM.attributes
                0x00000930       0x2c /opt/st/stm32cubeide_2.1.1/plugins/com.st.stm32cube.ide.mcu.externaltools.gnu-tools-for-stm32.14.3.rel1.linux64_1.0.100.202602081740/tools/bin/../lib/gcc/arm-none-eabi/14.3.1/../../../../arm-none-eabi/lib/thumb/v6-m/nofp/libc_nano.a(libc_a-makebuf.o)
 .ARM.attributes
                0x0000095c       0x2c /opt/st/stm32cubeide_2.1.1/plugins/com.st.stm32cube.ide.mcu.externaltools.gnu-tools-for-stm32.14.3.rel1.linux64_1.0.100.202602081740/tools/bin/../lib/gcc/arm-none-eabi/14.3.1/../../../../arm-none-eabi/lib/thumb/v6-m/nofp/libc_nano.a(libc_a-fstatr.o)
 .ARM.attributes
                0x00000988       0x2c /opt/st/stm32cubeide_2.1.1/plugins/com.st.stm32cube.ide.mcu.externaltools.gnu-tools-for-stm32.14.3.rel1.linux64_1.0.100.202602081740/tools/bin/../lib/gcc/arm-none-eabi/14.3.1/../../../../arm-none-eabi/lib/thumb/v6-m/nofp/libc_nano.a(libc_a-isattyr.o)
 .ARM.attributes
                0x000009b4       0x1e /opt/st/stm32cubeide_2.1.1/plugins/com.st.stm32cube.ide.mcu.externaltools.gnu-tools-for-stm32.14.3.rel1.linux64_1.0.100.202602081740/tools/bin/../lib/gcc/arm-none-eabi/14.3.1/thumb/v6-m/nofp/libgcc.a(_thumb1_case_uqi.o)
 .ARM.attributes
                0x000009d2       0x1e /opt/st/stm32cubeide_2.1.1/plugins/com.st.stm32cube.ide.mcu.externaltools.gnu-tools-for-stm32.14.3.rel1.linux64_1.0.100.202602081740/tools/bin/../lib/gcc/arm-none-eabi/14.3.1/thumb/v6-m/nofp/libgcc.a(_thumb1_case_shi.o)
 .ARM.attributes
                0x000009f0       0x1e /opt/st/stm32cubeide_2.1.1/plugins/com.st.stm32cube.ide.mcu.externaltools.gnu-tools-for-stm32.14.3.rel1.linux64_1.0.100.202602081740/tools/bin/../lib/gcc/arm-none-eabi/14.3.1/thumb/v6-m/nofp/libgcc.a(_udivsi3.o)
 .ARM.attributes
                0x00000a0e       0x1e /opt/st/stm32cubeide_2.1.1/plugins/com.st.stm32cube.ide.mcu.externaltools.gnu-tools-for-stm32.14.3.rel1.linux64_1.0.100.202602081740/tools/bin/../lib/gcc/arm-none-eabi/14.3.1/thumb/v6-m/nofp/libgcc.a(_dvmd_tls.o)
 .ARM.attributes
                0x00000a2c       0x1e /opt/st/stm32cubeide_2.1.1/plugins/com.st.stm32cube.ide.mcu.externaltools.gnu-tools-for-stm32.14.3.rel1.linux64_1.0.100.202602081740/tools/bin/../lib/gcc/arm-none-eabi/14.3.1/thumb/v6-m/nofp/libgcc.a(_clzsi2.o)
 .ARM.attributes
                0x00000a4a       0x1e /opt/st/stm32cubeide_2.1.1/plugins/com.st.stm32cube.ide.mcu.externaltools.gnu-tools-for-stm32.14.3.rel1.linux64_1.0.100.202602081740/tools/bin/../lib/gcc/arm-none-eabi/14.3.1/thumb/v6-m/nofp/libgcc.a(_ctzsi2.o)
 .ARM.attributes
                0x00000a68       0x2c /opt/st/stm32cubeide_2.1.1/plugins/com.st.stm32cube.ide.mcu.externaltools.gnu-tools-for-stm32.14.3.rel1.linux64_1.0.100.202602081740/tools/bin/../lib/gcc/arm-none-eabi/14.3.1/thumb/v6-m/nofp/libgcc.a(_popcountsi2.o)
 .ARM.attributes
                0x00000a94       0x1e /opt/st/stm32cubeide_2.1.1/plugins/com.st.stm32cube.ide.mcu.externaltools.gnu-tools-for-stm32.14.3.rel1.linux64_1.0.100.202602081740/tools/bin/../lib/gcc/arm-none-eabi/14.3.1/thumb/v6-m/nofp/crtn.o
OUTPUT(flash_driver.elf elf32-littlearm)
LOAD linker stubs
LOAD /opt/st/stm32cubeide_2.1.1/plugins/com.st.stm32cube.ide.mcu.externaltools.gnu-tools-for-stm32.14.3.rel1.linux64_1.0.100.202602081740/tools/bin/../lib/gcc/arm-none-eabi/14.3.1/../../../../arm-none-eabi/lib/thumb/v6-m/nofp/libc.a
LOAD /opt/st/stm32cubeide_2.1.1/plugins/com.st.stm32cube.ide.mcu.externaltools.gnu-tools-for-stm32.14.3.rel1.linux64_1.0.100.202602081740/tools/bin/../lib/gcc/arm-none-eabi/14.3.1/../../../../arm-none-eabi/lib/thumb/v6-m/nofp/libm.a
LOAD /opt/st/stm32cubeide_2.1.1/plugins/com.st.stm32cube.ide.mcu.externaltools.gnu-tools-for-stm32.14.3.rel1.linux64_1.0.100.202602081740/tools/bin/../lib/gcc/arm-none-eabi/14.3.1/thumb/v6-m/nofp/libgcc.a

.debug_info     0x00000000    0x17fb2
 .debug_info    0x00000000      0xcd8 ./Components/Filesystem/lfs_port.o
 .debug_info    0x00000cd8     0x1041 ./Components/Flash/Core/flash_high_api.o
 .debug_info    0x00001d19      0xd33 ./Components/Flash/Core/flash_low_api.o
 .debug_info    0x00002a4c     0x1758 ./Core/Src/main.o
 .debug_info    0x000041a4      0xa14 ./Core/Src/stm32g0xx_hal_msp.o
 .debug_info    0x00004bb8      0x125 ./Core/Src/stm32g0xx_it.o
 .debug_info    0x00004cdd      0x7b5 ./Core/Src/syscalls.o
 .debug_info    0x00005492      0x186 ./Core/Src/sysmem.o
 .debug_info    0x00005618      0x345 ./Core/Src/system_stm32g0xx.o
 .debug_info    0x0000595d       0x30 ./Core/Startup/startup_stm32g030f6px.o
 .debug_info    0x0000598d      0x9ed ./Drivers/STM32G0xx_HAL_Driver/Src/stm32g0xx_hal.o
 .debug_info    0x0000637a      0xa39 ./Drivers/STM32G0xx_HAL_Driver/Src/stm32g0xx_hal_cortex.o
 .debug_info    0x00006db3      0x5fc ./Drivers/STM32G0xx_HAL_Driver/Src/stm32g0xx_hal_gpio.o
 .debug_info    0x000073af      0x4f6 ./Drivers/STM32G0xx_HAL_Driver/Src/stm32g0xx_hal_pwr_ex.o
 .debug_info    0x000078a5      0xd89 ./Drivers/STM32G0xx_HAL_Driver/Src/stm32g0xx_hal_rcc.o
 .debug_info    0x0000862e     0x2276 ./Drivers/STM32G0xx_HAL_Driver/Src/stm32g0xx_hal_spi.o
 .debug_info    0x0000a8a4     0xd598 ./Middlewares/Third_party/LittleFS/lfs.o
 .debug_info    0x00017e3c      0x176 ./Middlewares/Third_party/LittleFS/lfs_util.o

.debug_abbrev   0x00000000     0x2b45
 .debug_abbrev  0x00000000      0x252 ./Components/Filesystem/lfs_port.o
 .debug_abbrev  0x00000252      0x361 ./Components/Flash/Core/flash_high_api.o
 .debug_abbrev  0x000005b3      0x259 ./Components/Flash/Core/flash_low_api.o
 .debug_abbrev  0x0000080c      0x39f ./Core/Src/main.o
 .debug_abbrev  0x00000bab      0x1d1 ./Core/Src/stm32g0xx_hal_msp.o
 .debug_abbrev  0x00000d7c       0xea ./Core/Src/stm32g0xx_it.o
 .debug_abbrev  0x00000e66      0x208 ./Core/Src/syscalls.o
 .debug_abbrev  0x0000106e       0xdc ./Core/Src/sysmem.o
 .debug_abbrev  0x0000114a      0x148 ./Core/Src/system_stm32g0xx.o
 .debug_abbrev  0x00001292       0x24 ./Core/Startup/startup_stm32g030f6px.o
 .debug_abbrev  0x000012b6      0x33f ./Drivers/STM32G0xx_HAL_Driver/Src/stm32g0xx_hal.o
 .debug_abbrev  0x000015f5      0x2cb ./Drivers/STM32G0xx_HAL_Driver/Src/stm32g0xx_hal_cortex.o
 .debug_abbrev  0x000018c0      0x259 ./Drivers/STM32G0xx_HAL_Driver/Src/stm32g0xx_hal_gpio.o
 .debug_abbrev  0x00001b19      0x1fc ./Drivers/STM32G0xx_HAL_Driver/Src/stm32g0xx_hal_pwr_ex.o
 .debug_abbrev  0x00001d15      0x362 ./Drivers/STM32G0xx_HAL_Driver/Src/stm32g0xx_hal_rcc.o
 .debug_abbrev  0x00002077      0x392 ./Drivers/STM32G0xx_HAL_Driver/Src/stm32g0xx_hal_spi.o
 .debug_abbrev  0x00002409      0x652 ./Middlewares/Third_party/LittleFS/lfs.o
 .debug_abbrev  0x00002a5b       0xea ./Middlewares/Third_party/LittleFS/lfs_util.o

.debug_loclists
                0x00000000     0xa682
 .debug_loclists
                0x00000000      0x271 ./Components/Filesystem/lfs_port.o
 .debug_loclists
                0x00000271      0x49e ./Components/Flash/Core/flash_high_api.o
 .debug_loclists
                0x0000070f      0x304 ./Components/Flash/Core/flash_low_api.o
 .debug_loclists
                0x00000a13       0x17 ./Core/Src/main.o
 .debug_loclists
                0x00000a2a       0x4d ./Core/Src/stm32g0xx_hal_msp.o
 .debug_loclists
                0x00000a77      0x369 ./Core/Src/syscalls.o
 .debug_loclists
                0x00000de0       0x53 ./Core/Src/sysmem.o
 .debug_loclists
                0x00000e33       0xa0 ./Core/Src/system_stm32g0xx.o
 .debug_loclists
                0x00000ed3      0x11d ./Drivers/STM32G0xx_HAL_Driver/Src/stm32g0xx_hal.o
 .debug_loclists
                0x00000ff0      0x355 ./Drivers/STM32G0xx_HAL_Driver/Src/stm32g0xx_hal_cortex.o
 .debug_loclists
                0x00001345      0x299 ./Drivers/STM32G0xx_HAL_Driver/Src/stm32g0xx_hal_gpio.o
 .debug_loclists
                0x000015de      0x21e ./Drivers/STM32G0xx_HAL_Driver/Src/stm32g0xx_hal_pwr_ex.o
 .debug_loclists
                0x000017fc      0x4b9 ./Drivers/STM32G0xx_HAL_Driver/Src/stm32g0xx_hal_rcc.o
 .debug_loclists
                0x00001cb5     0x1532 ./Drivers/STM32G0xx_HAL_Driver/Src/stm32g0xx_hal_spi.o
 .debug_loclists
                0x000031e7     0x73d4 ./Middlewares/Third_party/LittleFS/lfs.o
 .debug_loclists
                0x0000a5bb       0xc7 ./Middlewares/Third_party/LittleFS/lfs_util.o

.debug_aranges  0x00000000      0xae0
 .debug_aranges
                0x00000000       0x40 ./Components/Filesystem/lfs_port.o
 .debug_aranges
                0x00000040       0x48 ./Components/Flash/Core/flash_high_api.o
 .debug_aranges
                0x00000088       0x40 ./Components/Flash/Core/flash_low_api.o
 .debug_aranges
                0x000000c8       0x30 ./Core/Src/main.o
 .debug_aranges
                0x000000f8       0x30 ./Core/Src/stm32g0xx_hal_msp.o
 .debug_aranges
                0x00000128       0x40 ./Core/Src/stm32g0xx_it.o
 .debug_aranges
                0x00000168       0xa8 ./Core/Src/syscalls.o
 .debug_aranges
                0x00000210       0x20 ./Core/Src/sysmem.o
 .debug_aranges
                0x00000230       0x28 ./Core/Src/system_stm32g0xx.o
 .debug_aranges
                0x00000258       0x28 ./Core/Startup/startup_stm32g030f6px.o
 .debug_aranges
                0x00000280      0x100 ./Drivers/STM32G0xx_HAL_Driver/Src/stm32g0xx_hal.o
 .debug_aranges
                0x00000380       0xa0 ./Drivers/STM32G0xx_HAL_Driver/Src/stm32g0xx_hal_cortex.o
 .debug_aranges
                0x00000420       0x60 ./Drivers/STM32G0xx_HAL_Driver/Src/stm32g0xx_hal_gpio.o
 .debug_aranges
                0x00000480       0x98 ./Drivers/STM32G0xx_HAL_Driver/Src/stm32g0xx_hal_pwr_ex.o
 .debug_aranges
                0x00000518       0x98 ./Drivers/STM32G0xx_HAL_Driver/Src/stm32g0xx_hal_rcc.o
 .debug_aranges
                0x000005b0      0x1d8 ./Drivers/STM32G0xx_HAL_Driver/Src/stm32g0xx_hal_spi.o
 .debug_aranges
                0x00000788      0x338 ./Middlewares/Third_party/LittleFS/lfs.o
 .debug_aranges
                0x00000ac0       0x20 ./Middlewares/Third_party/LittleFS/lfs_util.o

.debug_rnglists
                0x00000000     0x177c
 .debug_rnglists
                0x00000000       0x2b ./Components/Filesystem/lfs_port.o
 .debug_rnglists
                0x0000002b       0x83 ./Components/Flash/Core/flash_high_api.o
 .debug_rnglists
                0x000000ae       0x4f ./Components/Flash/Core/flash_low_api.o
 .debug_rnglists
                0x000000fd       0x44 ./Core/Src/main.o
 .debug_rnglists
                0x00000141       0x58 ./Core/Src/stm32g0xx_hal_msp.o
 .debug_rnglists
                0x00000199       0x2b ./Core/Src/stm32g0xx_it.o
 .debug_rnglists
                0x000001c4       0x85 ./Core/Src/syscalls.o
 .debug_rnglists
                0x00000249       0x13 ./Core/Src/sysmem.o
 .debug_rnglists
                0x0000025c       0x1a ./Core/Src/system_stm32g0xx.o
 .debug_rnglists
                0x00000276       0x19 ./Core/Startup/startup_stm32g030f6px.o
 .debug_rnglists
                0x0000028f       0xbb ./Drivers/STM32G0xx_HAL_Driver/Src/stm32g0xx_hal.o
 .debug_rnglists
                0x0000034a       0xa3 ./Drivers/STM32G0xx_HAL_Driver/Src/stm32g0xx_hal_cortex.o
 .debug_rnglists
                0x000003ed       0x45 ./Drivers/STM32G0xx_HAL_Driver/Src/stm32g0xx_hal_gpio.o
 .debug_rnglists
                0x00000432       0x6d ./Drivers/STM32G0xx_HAL_Driver/Src/stm32g0xx_hal_pwr_ex.o
 .debug_rnglists
                0x0000049f       0x96 ./Drivers/STM32G0xx_HAL_Driver/Src/stm32g0xx_hal_rcc.o
 .debug_rnglists
                0x00000535      0x1da ./Drivers/STM32G0xx_HAL_Driver/Src/stm32g0xx_hal_spi.o
 .debug_rnglists
                0x0000070f     0x104b ./Middlewares/Third_party/LittleFS/lfs.o
 .debug_rnglists
                0x0000175a       0x22 ./Middlewares/Third_party/LittleFS/lfs_util.o

.debug_macro    0x00000000    0x161ec
 .debug_macro   0x00000000      0x368 ./Components/Filesystem/lfs_port.o
 .debug_macro   0x00000368      0xab4 ./Components/Filesystem/lfs_port.o
 .debug_macro   0x00000e1c       0x16 ./Components/Filesystem/lfs_port.o
 .debug_macro   0x00000e32       0x22 ./Components/Filesystem/lfs_port.o
 .debug_macro   0x00000e54       0x8e ./Components/Filesystem/lfs_port.o
 .debug_macro   0x00000ee2       0x51 ./Components/Filesystem/lfs_port.o
 .debug_macro   0x00000f33      0x103 ./Components/Filesystem/lfs_port.o
 .debug_macro   0x00001036       0x6a ./Components/Filesystem/lfs_port.o
 .debug_macro   0x000010a0      0x1df ./Components/Filesystem/lfs_port.o
 .debug_macro   0x0000127f       0x22 ./Components/Filesystem/lfs_port.o
 .debug_macro   0x000012a1       0x61 ./Components/Filesystem/lfs_port.o
 .debug_macro   0x00001302       0x24 ./Components/Filesystem/lfs_port.o
 .debug_macro   0x00001326       0x43 ./Components/Filesystem/lfs_port.o
 .debug_macro   0x00001369       0x34 ./Components/Filesystem/lfs_port.o
 .debug_macro   0x0000139d      0x190 ./Components/Filesystem/lfs_port.o
 .debug_macro   0x0000152d      0x364 ./Components/Filesystem/lfs_port.o
 .debug_macro   0x00001891       0x16 ./Components/Filesystem/lfs_port.o
 .debug_macro   0x000018a7       0x4a ./Components/Filesystem/lfs_port.o
 .debug_macro   0x000018f1       0x34 ./Components/Filesystem/lfs_port.o
 .debug_macro   0x00001925       0x10 ./Components/Filesystem/lfs_port.o
 .debug_macro   0x00001935       0x58 ./Components/Filesystem/lfs_port.o
 .debug_macro   0x0000198d       0x8e ./Components/Filesystem/lfs_port.o
 .debug_macro   0x00001a1b       0x1c ./Components/Filesystem/lfs_port.o
 .debug_macro   0x00001a37      0x17e ./Components/Filesystem/lfs_port.o
 .debug_macro   0x00001bb5       0x10 ./Components/Filesystem/lfs_port.o
 .debug_macro   0x00001bc5       0x3c ./Components/Filesystem/lfs_port.o
 .debug_macro   0x00001c01       0x20 ./Components/Filesystem/lfs_port.o
 .debug_macro   0x00001c21       0x10 ./Components/Filesystem/lfs_port.o
 .debug_macro   0x00001c31      0x460 ./Components/Filesystem/lfs_port.o
 .debug_macro   0x00002091       0x16 ./Components/Filesystem/lfs_port.o
 .debug_macro   0x000020a7       0x16 ./Components/Filesystem/lfs_port.o
 .debug_macro   0x000020bd       0x29 ./Components/Filesystem/lfs_port.o
 .debug_macro   0x000020e6       0x16 ./Components/Filesystem/lfs_port.o
 .debug_macro   0x000020fc       0x1c ./Components/Filesystem/lfs_port.o
 .debug_macro   0x00002118       0x10 ./Components/Filesystem/lfs_port.o
 .debug_macro   0x00002128       0x1c ./Components/Filesystem/lfs_port.o
 .debug_macro   0x00002144       0x16 ./Components/Filesystem/lfs_port.o
 .debug_macro   0x0000215a      0x146 ./Components/Filesystem/lfs_port.o
 .debug_macro   0x000022a0       0x34 ./Components/Filesystem/lfs_port.o
 .debug_macro   0x000022d4       0x3a ./Components/Filesystem/lfs_port.o
 .debug_macro   0x0000230e      0x117 ./Components/Filesystem/lfs_port.o
 .debug_macro   0x00002425       0x2e ./Components/Filesystem/lfs_port.o
 .debug_macro   0x00002453       0x28 ./Components/Filesystem/lfs_port.o
 .debug_macro   0x0000247b       0x1c ./Components/Filesystem/lfs_port.o
 .debug_macro   0x00002497       0x22 ./Components/Filesystem/lfs_port.o
 .debug_macro   0x000024b9       0xd1 ./Components/Filesystem/lfs_port.o
 .debug_macro   0x0000258a      0x4da ./Components/Filesystem/lfs_port.o
 .debug_macro   0x00002a64      0x11f ./Components/Filesystem/lfs_port.o
 .debug_macro   0x00002b83     0xa120 ./Components/Filesystem/lfs_port.o
 .debug_macro   0x0000cca3       0x66 ./Components/Filesystem/lfs_port.o
 .debug_macro   0x0000cd09     0x3512 ./Components/Filesystem/lfs_port.o
 .debug_macro   0x0001021b       0x56 ./Components/Filesystem/lfs_port.o
 .debug_macro   0x00010271      0x462 ./Components/Filesystem/lfs_port.o
 .debug_macro   0x000106d3      0xe1a ./Components/Filesystem/lfs_port.o
 .debug_macro   0x000114ed      0x106 ./Components/Filesystem/lfs_port.o
 .debug_macro   0x000115f3      0x1cf ./Components/Filesystem/lfs_port.o
 .debug_macro   0x000117c2       0xff ./Components/Filesystem/lfs_port.o
 .debug_macro   0x000118c1      0x33c ./Components/Filesystem/lfs_port.o
 .debug_macro   0x00011bfd      0x202 ./Components/Filesystem/lfs_port.o
 .debug_macro   0x00011dff      0x2c7 ./Components/Filesystem/lfs_port.o
 .debug_macro   0x000120c6      0x198 ./Components/Filesystem/lfs_port.o
 .debug_macro   0x0001225e       0x43 ./Components/Filesystem/lfs_port.o
 .debug_macro   0x000122a1      0x1f1 ./Components/Filesystem/lfs_port.o
 .debug_macro   0x00012492      0x1d6 ./Components/Filesystem/lfs_port.o
 .debug_macro   0x00012668      0x2a3 ./Components/Filesystem/lfs_port.o
 .debug_macro   0x0001290b       0x28 ./Components/Filesystem/lfs_port.o
 .debug_macro   0x00012933       0xcf ./Components/Filesystem/lfs_port.o
 .debug_macro   0x00012a02       0xff ./Components/Filesystem/lfs_port.o
 .debug_macro   0x00012b01      0x10d ./Components/Filesystem/lfs_port.o
 .debug_macro   0x00012c0e      0x305 ./Components/Filesystem/lfs_port.o
 .debug_macro   0x00012f13      0x412 ./Components/Filesystem/lfs_port.o
 .debug_macro   0x00013325       0x10 ./Components/Filesystem/lfs_port.o
 .debug_macro   0x00013335       0xd6 ./Components/Filesystem/lfs_port.o
 .debug_macro   0x0001340b      0x2da ./Components/Flash/Core/flash_high_api.o
 .debug_macro   0x000136e5       0x5c ./Components/Flash/Core/flash_high_api.o
 .debug_macro   0x00013741       0x10 ./Components/Flash/Core/flash_high_api.o
 .debug_macro   0x00013751      0x2c8 ./Components/Flash/Core/flash_low_api.o
 .debug_macro   0x00013a19      0x35f ./Core/Src/main.o
 .debug_macro   0x00013d78      0x1e4 ./Core/Src/stm32g0xx_hal_msp.o
 .debug_macro   0x00013f5c      0x1ee ./Core/Src/stm32g0xx_it.o
 .debug_macro   0x0001414a      0x274 ./Core/Src/syscalls.o
 .debug_macro   0x000143be       0x5b ./Core/Src/syscalls.o
 .debug_macro   0x00014419       0x94 ./Core/Src/syscalls.o
 .debug_macro   0x000144ad       0x57 ./Core/Src/syscalls.o
 .debug_macro   0x00014504       0x10 ./Core/Src/syscalls.o
 .debug_macro   0x00014514       0x10 ./Core/Src/syscalls.o
 .debug_macro   0x00014524       0x10 ./Core/Src/syscalls.o